[2026-04-23 11:34:18,652] [INFO] ✓ Stage 1 completed successfully (0.0s)
[2026-04-23 11:34:18,758] [INFO] 
[2026-04-23 11:34:18,758] [INFO] [2/8] Environment Setup (25% complete)
[2026-04-23 11:34:18,758] [INFO]   Elapsed: 0s | ETA: 0s
[2026-04-23 11:34:18,758] [INFO] ━━━━━━━━━━━━━━━━━━━━━━━━━━━━━━━━━━━━━━━━━━━━━━
[2026-04-23 11:34:22,165] [INFO] ✓ Stage 2 completed successfully (3.4s)
[2026-04-23 11:34:22,271] [INFO] 
[2026-04-23 11:34:22,271] [INFO] [3/8] Project Tests (37% complete)
[2026-04-23 11:34:22,271] [INFO]   Elapsed: 3s | ETA: 6s
[2026-04-23 11:34:22,271] [INFO] ━━━━━━━━━━━━━━━━━━━━━━━━━━━━━━━━━━━━━━━━━━━━━━
[2026-04-23 11:35:38,178] [INFO] ✓ Stage 3 completed successfully (75.9s)
[2026-04-23 11:35:38,284] [INFO] 
[2026-04-23 11:35:38,284] [INFO] [4/8] Project Analysis (50% complete)
[2026-04-23 11:35:38,284] [INFO]   Elapsed: 1m 19s | ETA: 1m 19s
[2026-04-23 11:35:38,284] [INFO] ━━━━━━━━━━━━━━━━━━━━━━━━━━━━━━━━━━━━━━━━━━━━━━
[2026-04-23 11:36:19,752] [INFO] ✓ Stage 4 completed successfully (41.5s)
[2026-04-23 11:36:19,863] [INFO] 
[2026-04-23 11:36:19,863] [INFO] [5/8] PDF Rendering (62% complete)
[2026-04-23 11:36:19,863] [INFO]   Elapsed: 2m 1s | ETA: 1m 12s
[2026-04-23 11:36:19,863] [INFO] ━━━━━━━━━━━━━━━━━━━━━━━━━━━━━━━━━━━━━━━━━━━━━━
[2026-04-23 11:38:29,729] [INFO] ✓ Stage 5 completed successfully (129.9s)
[2026-04-23 11:38:29,832] [INFO] 
[2026-04-23 11:38:29,832] [INFO] [6/8] Output Validation (75% complete)
[2026-04-23 11:38:29,832] [INFO]   Elapsed: 4m 11s | ETA: 1m 23s
[2026-04-23 11:38:29,832] [INFO] ━━━━━━━━━━━━━━━━━━━━━━━━━━━━━━━━━━━━━━━━━━━━━━
[2026-04-23 11:38:30,290] [INFO] ✓ Stage 6 completed successfully (0.5s)
[2026-04-23 11:38:30,395] [INFO] 
[2026-04-23 11:38:30,395] [INFO] [7/8] Copy Outputs (87% complete)
[2026-04-23 11:38:30,395] [INFO]   Elapsed: 4m 11s | ETA: 35s
[2026-04-23 11:38:30,395] [INFO] ━━━━━━━━━━━━━━━━━━━━━━━━━━━━━━━━━━━━━━━━━━━━━━
[2026-04-23 11:38:30,849] [INFO] ✓ Stage 7 completed successfully (0.5s)
