This is XeTeX, Version 3.141592653-2.6-0.999998 (TeX Live 2026) (preloaded format=xelatex 2026.3.22)  23 APR 2026 11:37
entering extended mode
 \write18 enabled.
 %&-line parsing enabled.
**/Users/4d/Documents/GitHub/template/projects/cognitive_case_diagrams/output/s
lides/11b_notation_slides.tex

(/Users/4d/Documents/GitHub/template/projects/cognitive_case_diagrams/output/sl
ides/11b_notation_slides.tex
LaTeX2e <2025-11-01>
L3 programming layer <2026-01-19>
(/usr/local/texlive/2026/texmf-dist/tex/latex/beamer/beamer.cls
Document Class: beamer 2026/01/22 v3.77 A class for typesetting presentations
(/usr/local/texlive/2026/texmf-dist/tex/latex/beamer/beamerbasemodes.sty
(/usr/local/texlive/2026/texmf-dist/tex/latex/etoolbox/etoolbox.sty
Package: etoolbox 2025/10/02 v2.5m e-TeX tools for LaTeX (JAW)
\etb@tempcnta=\count271
)
\beamer@tempbox=\box53
\beamer@tempcount=\count272
\c@beamerpauses=\count273

(/usr/local/texlive/2026/texmf-dist/tex/latex/beamer/beamerbasedecode.sty
\beamer@slideinframe=\count274
\beamer@minimum=\count275
\beamer@decode@box=\box54
)
\beamer@commentbox=\box55
\beamer@modecount=\count276
)
(/usr/local/texlive/2026/texmf-dist/tex/generic/iftex/iftex.sty
Package: iftex 2024/12/12 v1.0g TeX engine tests
)
\headdp=\dimen148
\footheight=\dimen149
\sidebarheight=\dimen150
\beamer@tempdim=\dimen151
\beamer@finalheight=\dimen152
\beamer@animht=\dimen153
\beamer@animdp=\dimen154
\beamer@animwd=\dimen155
\beamer@leftmargin=\dimen156
\beamer@rightmargin=\dimen157
\beamer@leftsidebar=\dimen158
\beamer@rightsidebar=\dimen159
\beamer@boxsize=\dimen160
\beamer@vboxoffset=\dimen161
\beamer@descdefault=\dimen162
\beamer@descriptionwidth=\dimen163
\beamer@lastskip=\skip49
\beamer@areabox=\box56
\beamer@animcurrent=\box57
\beamer@animshowbox=\box58
\beamer@sectionbox=\box59
\beamer@logobox=\box60
\beamer@linebox=\box61
\beamer@sectioncount=\count277
\beamer@subsubsectionmax=\count278
\beamer@subsectionmax=\count279
\beamer@sectionmax=\count280
\beamer@totalheads=\count281
\beamer@headcounter=\count282
\beamer@partstartpage=\count283
\beamer@sectionstartpage=\count284
\beamer@subsectionstartpage=\count285
\beamer@animationtempa=\count286
\beamer@animationtempb=\count287
\beamer@xpos=\count288
\beamer@ypos=\count289
\beamer@ypos@offset=\count290
\beamer@showpartnumber=\count291
\beamer@currentsubsection=\count292
\beamer@coveringdepth=\count293
\beamer@sectionadjust=\count294
\beamer@toclastsection=\count295
\beamer@tocsectionnumber=\count296

(/usr/local/texlive/2026/texmf-dist/tex/latex/beamer/beamerbaseoptions.sty
(/usr/local/texlive/2026/texmf-dist/tex/latex/graphics/keyval.sty
Package: keyval 2022/05/29 v1.15 key=value parser (DPC)
\KV@toks@=\toks17
))
\beamer@paperwidth=\skip50
\beamer@paperheight=\skip51

(/usr/local/texlive/2026/texmf-dist/tex/latex/geometry/geometry.sty
Package: geometry 2026/03/07 v6.0 Page Geometry

(/usr/local/texlive/2026/texmf-dist/tex/generic/iftex/ifvtex.sty
Package: ifvtex 2019/10/25 v1.7 ifvtex legacy package. Use iftex instead.
)
\Gm@cnth=\count297
\Gm@cntv=\count298
\c@Gm@tempcnt=\count299
\Gm@bindingoffset=\dimen164
\Gm@wd@mp=\dimen165
\Gm@odd@mp=\dimen166
\Gm@even@mp=\dimen167
\Gm@layoutwidth=\dimen168
\Gm@layoutheight=\dimen169
\Gm@layouthoffset=\dimen170
\Gm@layoutvoffset=\dimen171
\Gm@dimlist=\toks18
)
(/usr/local/texlive/2026/texmf-dist/tex/latex/pgf/math/pgfmath.sty
(/usr/local/texlive/2026/texmf-dist/tex/latex/pgf/utilities/pgfrcs.sty
(/usr/local/texlive/2026/texmf-dist/tex/generic/pgf/utilities/pgfutil-common.te
x
\pgfutil@everybye=\toks19
\pgfutil@tempdima=\dimen172
\pgfutil@tempdimb=\dimen173
)
(/usr/local/texlive/2026/texmf-dist/tex/generic/pgf/utilities/pgfutil-latex.def
\pgfutil@abb=\box62
) (/usr/local/texlive/2026/texmf-dist/tex/generic/pgf/utilities/pgfrcs.code.tex
(/usr/local/texlive/2026/texmf-dist/tex/generic/pgf/pgf.revision.tex)
Package: pgfrcs 2025-08-29 v3.1.11a (3.1.11a)
))
(/usr/local/texlive/2026/texmf-dist/tex/latex/pgf/utilities/pgfkeys.sty
(/usr/local/texlive/2026/texmf-dist/tex/generic/pgf/utilities/pgfkeys.code.tex
\pgfkeys@pathtoks=\toks20
\pgfkeys@temptoks=\toks21

(/usr/local/texlive/2026/texmf-dist/tex/generic/pgf/utilities/pgfkeyslibraryfil
tered.code.tex
\pgfkeys@tmptoks=\toks22
)))
(/usr/local/texlive/2026/texmf-dist/tex/generic/pgf/math/pgfmath.code.tex
(/usr/local/texlive/2026/texmf-dist/tex/generic/pgf/math/pgfmathutil.code.tex
\pgf@x=\dimen174
\pgf@xa=\dimen175
\pgf@xb=\dimen176
\pgf@xc=\dimen177
\pgf@y=\dimen178
\pgf@ya=\dimen179
\pgf@yb=\dimen180
\pgf@yc=\dimen181
\c@pgf@counta=\count300
\c@pgf@countb=\count301
\c@pgf@countc=\count302
\c@pgf@countd=\count303
)
(/usr/local/texlive/2026/texmf-dist/tex/generic/pgf/math/pgfmathparser.code.tex
\pgfmath@dimen=\dimen182
\pgfmath@count=\count304
\pgfmath@box=\box63
\pgfmath@toks=\toks23
\pgfmath@stack@operand=\toks24
\pgfmath@stack@operation=\toks25
)
(/usr/local/texlive/2026/texmf-dist/tex/generic/pgf/math/pgfmathfunctions.code.
tex)
(/usr/local/texlive/2026/texmf-dist/tex/generic/pgf/math/pgfmathfunctions.basic
.code.tex)
(/usr/local/texlive/2026/texmf-dist/tex/generic/pgf/math/pgfmathfunctions.trigo
nometric.code.tex)
(/usr/local/texlive/2026/texmf-dist/tex/generic/pgf/math/pgfmathfunctions.rando
m.code.tex)
(/usr/local/texlive/2026/texmf-dist/tex/generic/pgf/math/pgfmathfunctions.compa
rison.code.tex)
(/usr/local/texlive/2026/texmf-dist/tex/generic/pgf/math/pgfmathfunctions.base.
code.tex)
(/usr/local/texlive/2026/texmf-dist/tex/generic/pgf/math/pgfmathfunctions.round
.code.tex)
(/usr/local/texlive/2026/texmf-dist/tex/generic/pgf/math/pgfmathfunctions.misc.
code.tex)
(/usr/local/texlive/2026/texmf-dist/tex/generic/pgf/math/pgfmathfunctions.integ
erarithmetics.code.tex)
(/usr/local/texlive/2026/texmf-dist/tex/generic/pgf/math/pgfmathcalc.code.tex)
(/usr/local/texlive/2026/texmf-dist/tex/generic/pgf/math/pgfmathfloat.code.tex
\c@pgfmathroundto@lastzeros=\count305
))) (/usr/local/texlive/2026/texmf-dist/tex/latex/base/size11.clo
File: size11.clo 2025/01/22 v1.4n Standard LaTeX file (size option)
)
(/usr/local/texlive/2026/texmf-dist/tex/latex/pgf/basiclayer/pgfcore.sty
(/usr/local/texlive/2026/texmf-dist/tex/latex/graphics/graphicx.sty
Package: graphicx 2024/12/31 v1.2e Enhanced LaTeX Graphics (DPC,SPQR)

(/usr/local/texlive/2026/texmf-dist/tex/latex/graphics/graphics.sty
Package: graphics 2024/08/06 v1.4g Standard LaTeX Graphics (DPC,SPQR)

(/usr/local/texlive/2026/texmf-dist/tex/latex/graphics/trig.sty
Package: trig 2023/12/02 v1.11 sin cos tan (DPC)
)
(/usr/local/texlive/2026/texmf-dist/tex/latex/graphics-cfg/graphics.cfg
File: graphics.cfg 2016/06/04 v1.11 sample graphics configuration
)
Package graphics Info: Driver file: xetex.def on input line 106.

(/usr/local/texlive/2026/texmf-dist/tex/latex/graphics-def/xetex.def
File: xetex.def 2025/11/01 v5.0p Graphics/color driver for xetex
))
\Gin@req@height=\dimen183
\Gin@req@width=\dimen184
)
(/usr/local/texlive/2026/texmf-dist/tex/latex/pgf/systemlayer/pgfsys.sty
(/usr/local/texlive/2026/texmf-dist/tex/generic/pgf/systemlayer/pgfsys.code.tex
Package: pgfsys 2025-08-29 v3.1.11a (3.1.11a)
\pgf@x=\dimen185
\pgf@y=\dimen186
\pgf@xa=\dimen187
\pgf@ya=\dimen188
\pgf@xb=\dimen189
\pgf@yb=\dimen190
\pgf@xc=\dimen191
\pgf@yc=\dimen192
\pgf@xd=\dimen193
\pgf@yd=\dimen194
\w@pgf@writea=\write3
\r@pgf@reada=\read2
\c@pgf@counta=\count306
\c@pgf@countb=\count307
\c@pgf@countc=\count308
\c@pgf@countd=\count309
\t@pgf@toka=\toks26
\t@pgf@tokb=\toks27
\t@pgf@tokc=\toks28
\pgf@sys@id@count=\count310
(/usr/local/texlive/2026/texmf-dist/tex/generic/pgf/systemlayer/pgf.cfg
File: pgf.cfg 2025-08-29 v3.1.11a (3.1.11a)
)
Driver file for pgf: pgfsys-xetex.def

(/usr/local/texlive/2026/texmf-dist/tex/generic/pgf/systemlayer/pgfsys-xetex.de
f
File: pgfsys-xetex.def 2025-08-29 v3.1.11a (3.1.11a)

(/usr/local/texlive/2026/texmf-dist/tex/generic/pgf/systemlayer/pgfsys-dvipdfmx
.def
File: pgfsys-dvipdfmx.def 2025-08-29 v3.1.11a (3.1.11a)

(/usr/local/texlive/2026/texmf-dist/tex/generic/pgf/systemlayer/pgfsys-common-p
df.def
File: pgfsys-common-pdf.def 2025-08-29 v3.1.11a (3.1.11a)
)
\pgfsys@objnum=\count311
)))
(/usr/local/texlive/2026/texmf-dist/tex/generic/pgf/systemlayer/pgfsyssoftpath.
code.tex
File: pgfsyssoftpath.code.tex 2025-08-29 v3.1.11a (3.1.11a)
\pgfsyssoftpath@smallbuffer@items=\count312
\pgfsyssoftpath@bigbuffer@items=\count313
)
(/usr/local/texlive/2026/texmf-dist/tex/generic/pgf/systemlayer/pgfsysprotocol.
code.tex
File: pgfsysprotocol.code.tex 2025-08-29 v3.1.11a (3.1.11a)
)) (/usr/local/texlive/2026/texmf-dist/tex/latex/xcolor/xcolor.sty
Package: xcolor 2024/09/29 v3.02 LaTeX color extensions (UK)

(/usr/local/texlive/2026/texmf-dist/tex/latex/graphics-cfg/color.cfg
File: color.cfg 2016/01/02 v1.6 sample color configuration
)
Package xcolor Info: Driver file: xetex.def on input line 274.

(/usr/local/texlive/2026/texmf-dist/tex/latex/graphics/mathcolor.ltx)
Package xcolor Info: Model `cmy' substituted by `cmy0' on input line 1349.
Package xcolor Info: Model `RGB' extended on input line 1365.
Package xcolor Info: Model `HTML' substituted by `rgb' on input line 1367.
Package xcolor Info: Model `Hsb' substituted by `hsb' on input line 1368.
Package xcolor Info: Model `tHsb' substituted by `hsb' on input line 1369.
Package xcolor Info: Model `HSB' substituted by `hsb' on input line 1370.
Package xcolor Info: Model `Gray' substituted by `gray' on input line 1371.
Package xcolor Info: Model `wave' substituted by `hsb' on input line 1372.
)
(/usr/local/texlive/2026/texmf-dist/tex/generic/pgf/basiclayer/pgfcore.code.tex
Package: pgfcore 2025-08-29 v3.1.11a (3.1.11a)
(/usr/local/texlive/2026/texmf-dist/tex/generic/pgf/math/pgfint.code.tex)
(/usr/local/texlive/2026/texmf-dist/tex/generic/pgf/basiclayer/pgfcorepoints.co
de.tex
File: pgfcorepoints.code.tex 2025-08-29 v3.1.11a (3.1.11a)
\pgf@picminx=\dimen195
\pgf@picmaxx=\dimen196
\pgf@picminy=\dimen197
\pgf@picmaxy=\dimen198
\pgf@pathminx=\dimen199
\pgf@pathmaxx=\dimen256
\pgf@pathminy=\dimen257
\pgf@pathmaxy=\dimen258
\pgf@xx=\dimen259
\pgf@xy=\dimen260
\pgf@yx=\dimen261
\pgf@yy=\dimen262
\pgf@zx=\dimen263
\pgf@zy=\dimen264
)
(/usr/local/texlive/2026/texmf-dist/tex/generic/pgf/basiclayer/pgfcorepathconst
ruct.code.tex
File: pgfcorepathconstruct.code.tex 2025-08-29 v3.1.11a (3.1.11a)
\pgf@path@lastx=\dimen265
\pgf@path@lasty=\dimen266
)
(/usr/local/texlive/2026/texmf-dist/tex/generic/pgf/basiclayer/pgfcorepathusage
.code.tex
File: pgfcorepathusage.code.tex 2025-08-29 v3.1.11a (3.1.11a)
\pgf@shorten@end@additional=\dimen267
\pgf@shorten@start@additional=\dimen268
)
(/usr/local/texlive/2026/texmf-dist/tex/generic/pgf/basiclayer/pgfcorescopes.co
de.tex
File: pgfcorescopes.code.tex 2025-08-29 v3.1.11a (3.1.11a)
\pgfpic=\box64
\pgf@hbox=\box65
\pgf@layerbox@main=\box66
\pgf@picture@serial@count=\count314
)
(/usr/local/texlive/2026/texmf-dist/tex/generic/pgf/basiclayer/pgfcoregraphicst
ate.code.tex
File: pgfcoregraphicstate.code.tex 2025-08-29 v3.1.11a (3.1.11a)
\pgflinewidth=\dimen269
)
(/usr/local/texlive/2026/texmf-dist/tex/generic/pgf/basiclayer/pgfcoretransform
ations.code.tex
File: pgfcoretransformations.code.tex 2025-08-29 v3.1.11a (3.1.11a)
\pgf@pt@x=\dimen270
\pgf@pt@y=\dimen271
\pgf@pt@temp=\dimen272
)
(/usr/local/texlive/2026/texmf-dist/tex/generic/pgf/basiclayer/pgfcorequick.cod
e.tex
File: pgfcorequick.code.tex 2025-08-29 v3.1.11a (3.1.11a)
)
(/usr/local/texlive/2026/texmf-dist/tex/generic/pgf/basiclayer/pgfcoreobjects.c
ode.tex
File: pgfcoreobjects.code.tex 2025-08-29 v3.1.11a (3.1.11a)
)
(/usr/local/texlive/2026/texmf-dist/tex/generic/pgf/basiclayer/pgfcorepathproce
ssing.code.tex
File: pgfcorepathprocessing.code.tex 2025-08-29 v3.1.11a (3.1.11a)
)
(/usr/local/texlive/2026/texmf-dist/tex/generic/pgf/basiclayer/pgfcorearrows.co
de.tex
File: pgfcorearrows.code.tex 2025-08-29 v3.1.11a (3.1.11a)
\pgfarrowsep=\dimen273
)
(/usr/local/texlive/2026/texmf-dist/tex/generic/pgf/basiclayer/pgfcoreshade.cod
e.tex
File: pgfcoreshade.code.tex 2025-08-29 v3.1.11a (3.1.11a)
\pgf@max=\dimen274
\pgf@sys@shading@range@num=\count315
\pgf@shadingcount=\count316
)
(/usr/local/texlive/2026/texmf-dist/tex/generic/pgf/basiclayer/pgfcoreimage.cod
e.tex
File: pgfcoreimage.code.tex 2025-08-29 v3.1.11a (3.1.11a)
)
(/usr/local/texlive/2026/texmf-dist/tex/generic/pgf/basiclayer/pgfcoreexternal.
code.tex
File: pgfcoreexternal.code.tex 2025-08-29 v3.1.11a (3.1.11a)
\pgfexternal@startupbox=\box67
)
(/usr/local/texlive/2026/texmf-dist/tex/generic/pgf/basiclayer/pgfcorelayers.co
de.tex
File: pgfcorelayers.code.tex 2025-08-29 v3.1.11a (3.1.11a)
)
(/usr/local/texlive/2026/texmf-dist/tex/generic/pgf/basiclayer/pgfcoretranspare
ncy.code.tex
File: pgfcoretransparency.code.tex 2025-08-29 v3.1.11a (3.1.11a)
)
(/usr/local/texlive/2026/texmf-dist/tex/generic/pgf/basiclayer/pgfcorepatterns.
code.tex
File: pgfcorepatterns.code.tex 2025-08-29 v3.1.11a (3.1.11a)
)
(/usr/local/texlive/2026/texmf-dist/tex/generic/pgf/basiclayer/pgfcorerdf.code.
tex
File: pgfcorerdf.code.tex 2025-08-29 v3.1.11a (3.1.11a)
))) (/usr/local/texlive/2026/texmf-dist/tex/latex/pgf/utilities/xxcolor.sty
Package: xxcolor 2003/10/24 ver 0.1
\XC@nummixins=\count317
\XC@countmixins=\count318
) (/usr/local/texlive/2026/texmf-dist/tex/latex/base/atbegshi-ltx.sty
Package: atbegshi-ltx 2021/01/10 v1.0c Emulation of the original atbegshi
package with kernel methods
)
(/usr/local/texlive/2026/texmf-dist/tex/latex/hyperref/hyperref.sty
Package: hyperref 2026-01-29 v7.01p Hypertext links for LaTeX

(/usr/local/texlive/2026/texmf-dist/tex/latex/kvsetkeys/kvsetkeys.sty
Package: kvsetkeys 2022-10-05 v1.19 Key value parser (HO)
)
(/usr/local/texlive/2026/texmf-dist/tex/generic/kvdefinekeys/kvdefinekeys.sty
Package: kvdefinekeys 2019-12-19 v1.6 Define keys (HO)
)
(/usr/local/texlive/2026/texmf-dist/tex/generic/pdfescape/pdfescape.sty
Package: pdfescape 2019/12/09 v1.15 Implements pdfTeX's escape features (HO)

(/usr/local/texlive/2026/texmf-dist/tex/generic/ltxcmds/ltxcmds.sty
Package: ltxcmds 2023-12-04 v1.26 LaTeX kernel commands for general use (HO)
)
(/usr/local/texlive/2026/texmf-dist/tex/generic/pdftexcmds/pdftexcmds.sty
Package: pdftexcmds 2020-06-27 v0.33 Utility functions of pdfTeX for LuaTeX (HO
)

(/usr/local/texlive/2026/texmf-dist/tex/generic/infwarerr/infwarerr.sty
Package: infwarerr 2019/12/03 v1.5 Providing info/warning/error messages (HO)
)
Package pdftexcmds Info: \pdf@primitive is available.
Package pdftexcmds Info: \pdf@ifprimitive is available.
Package pdftexcmds Info: \pdfdraftmode not found.
))
(/usr/local/texlive/2026/texmf-dist/tex/latex/hycolor/hycolor.sty
Package: hycolor 2020-01-27 v1.10 Color options for hyperref/bookmark (HO)
)
(/usr/local/texlive/2026/texmf-dist/tex/latex/hyperref/nameref.sty
Package: nameref 2026-01-29 v2.58 Cross-referencing by name of section

(/usr/local/texlive/2026/texmf-dist/tex/latex/refcount/refcount.sty
Package: refcount 2019/12/15 v3.6 Data extraction from label references (HO)
)
(/usr/local/texlive/2026/texmf-dist/tex/generic/gettitlestring/gettitlestring.s
ty
Package: gettitlestring 2019/12/15 v1.6 Cleanup title references (HO)
 (/usr/local/texlive/2026/texmf-dist/tex/latex/kvoptions/kvoptions.sty
Package: kvoptions 2022-06-15 v3.15 Key value format for package options (HO)
))
\c@section@level=\count319
)
(/usr/local/texlive/2026/texmf-dist/tex/generic/stringenc/stringenc.sty
Package: stringenc 2019/11/29 v1.12 Convert strings between diff. encodings (HO
)
)
\@linkdim=\dimen275
\Hy@linkcounter=\count320
\Hy@pagecounter=\count321

(/usr/local/texlive/2026/texmf-dist/tex/latex/hyperref/pd1enc.def
File: pd1enc.def 2026-01-29 v7.01p Hyperref: PDFDocEncoding definition (HO)
)
(/usr/local/texlive/2026/texmf-dist/tex/generic/intcalc/intcalc.sty
Package: intcalc 2019/12/15 v1.3 Expandable calculations with integers (HO)
)
\Hy@SavedSpaceFactor=\count322

(/usr/local/texlive/2026/texmf-dist/tex/latex/hyperref/puenc.def
File: puenc.def 2026-01-29 v7.01p Hyperref: PDF Unicode definition (HO)
)
Package hyperref Info: Option `unicode' set `true' on input line 4072.
Package hyperref Info: Option `bookmarks' set `true' on input line 4072.
Package hyperref Info: Option `bookmarksopen' set `true' on input line 4072.
Package hyperref Info: Option `implicit' set `false' on input line 4072.
Package hyperref Info: Hyper figures OFF on input line 4201.
Package hyperref Info: Link nesting OFF on input line 4206.
Package hyperref Info: Hyper index ON on input line 4209.
Package hyperref Info: Plain pages OFF on input line 4216.
Package hyperref Info: Backreferencing OFF on input line 4221.
Package hyperref Info: Implicit mode OFF; no redefinition of LaTeX internals.
Package hyperref Info: Bookmarks ON on input line 4468.
\c@Hy@tempcnt=\count323

(/usr/local/texlive/2026/texmf-dist/tex/latex/url/url.sty
\Urlmuskip=\muskip17
Package: url 2013/09/16  ver 3.4  Verb mode for urls, etc.
)
LaTeX Info: Redefining \url on input line 4807.
\XeTeXLinkMargin=\dimen276

(/usr/local/texlive/2026/texmf-dist/tex/generic/bitset/bitset.sty
Package: bitset 2019/12/09 v1.3 Handle bit-vector datatype (HO)

(/usr/local/texlive/2026/texmf-dist/tex/generic/bigintcalc/bigintcalc.sty
Package: bigintcalc 2019/12/15 v1.5 Expandable calculations on big integers (HO
)
))
\Fld@menulength=\count324
\Field@Width=\dimen277
\Fld@charsize=\dimen278
Package hyperref Info: Hyper figures OFF on input line 6084.
Package hyperref Info: Link nesting OFF on input line 6089.
Package hyperref Info: Hyper index ON on input line 6092.
Package hyperref Info: backreferencing OFF on input line 6099.
Package hyperref Info: Link coloring OFF on input line 6104.
Package hyperref Info: Link coloring with OCG OFF on input line 6109.
Package hyperref Info: PDF/A mode OFF on input line 6114.
\Hy@abspage=\count325


Package hyperref Message: Stopped early.

)
Package hyperref Info: Driver (autodetected): hxetex.
 (/usr/local/texlive/2026/texmf-dist/tex/latex/hyperref/hxetex.def
File: hxetex.def 2026-01-29 v7.01p Hyperref driver for XeTeX
\pdfm@box=\box68
\c@Hy@AnnotLevel=\count326
\HyField@AnnotCount=\count327
\Fld@listcount=\count328
\c@bookmark@seq@number=\count329

(/usr/local/texlive/2026/texmf-dist/tex/latex/rerunfilecheck/rerunfilecheck.sty
Package: rerunfilecheck 2025-06-21 v1.11 Rerun checks for auxiliary files (HO)

(/usr/local/texlive/2026/texmf-dist/tex/generic/uniquecounter/uniquecounter.sty
Package: uniquecounter 2019/12/15 v1.4 Provide unlimited unique counter (HO)
)
Package uniquecounter Info: New unique counter `rerunfilecheck' on input line 2
84.
)) (/usr/local/texlive/2026/texmf-dist/tex/latex/beamer/beamerbaserequires.sty
(/usr/local/texlive/2026/texmf-dist/tex/latex/beamer/beamerbasecompatibility.st
y) (/usr/local/texlive/2026/texmf-dist/tex/latex/beamer/beamerbasefont.sty
(/usr/local/texlive/2026/texmf-dist/tex/latex/amsfonts/amssymb.sty
Package: amssymb 2013/01/14 v3.01 AMS font symbols

(/usr/local/texlive/2026/texmf-dist/tex/latex/amsfonts/amsfonts.sty
Package: amsfonts 2013/01/14 v3.01 Basic AMSFonts support
\@emptytoks=\toks29
\symAMSa=\mathgroup4
\symAMSb=\mathgroup5
LaTeX Font Info:    Redeclaring math symbol \hbar on input line 98.
LaTeX Font Info:    Overwriting math alphabet `\mathfrak' in version `bold'
(Font)                  U/euf/m/n --> U/euf/b/n on input line 106.
))
(/usr/local/texlive/2026/texmf-dist/tex/latex/sansmathaccent/sansmathaccent.sty
Package: sansmathaccent 2020/01/31
(/usr/local/texlive/2026/texmf-dist/tex/latex/koma-script/scrlfile.sty
Package: scrlfile 2026/02/02 v3.49.2 KOMA-Script package (file load hooks)

(/usr/local/texlive/2026/texmf-dist/tex/latex/koma-script/scrlfile-hook.sty
Package: scrlfile-hook 2026/02/02 v3.49.2 KOMA-Script package (using LaTeX hook
s)

(/usr/local/texlive/2026/texmf-dist/tex/latex/koma-script/scrlogo.sty
Package: scrlogo 2026/02/02 v3.49.2 KOMA-Script package (logo)
)))))
(/usr/local/texlive/2026/texmf-dist/tex/latex/beamer/beamerbasetranslator.sty
(/usr/local/texlive/2026/texmf-dist/tex/latex/translator/translator.sty
Package: translator 2021-05-31 v1.12d Easy translation of strings in LaTeX
))
(/usr/local/texlive/2026/texmf-dist/tex/latex/beamer/beamerbasemisc.sty)
(/usr/local/texlive/2026/texmf-dist/tex/latex/beamer/beamerbasetwoscreens.sty)
(/usr/local/texlive/2026/texmf-dist/tex/latex/beamer/beamerbaseoverlay.sty
\beamer@argscount=\count330
\beamer@lastskipcover=\skip52
\beamer@trivlistdepth=\count331
)
(/usr/local/texlive/2026/texmf-dist/tex/latex/beamer/beamerbasetitle.sty)
(/usr/local/texlive/2026/texmf-dist/tex/latex/beamer/beamerbasesection.sty
\c@lecture=\count332
\c@part=\count333
\c@section=\count334
\c@subsection=\count335
\c@subsubsection=\count336
)
(/usr/local/texlive/2026/texmf-dist/tex/latex/beamer/beamerbaseframe.sty
\beamer@framebox=\box69
\beamer@frametitlebox=\box70
\beamer@zoombox=\box71
\beamer@zoomcount=\count337
\beamer@zoomframecount=\count338
\beamer@frametextheight=\dimen279
\c@subsectionslide=\count339
\beamer@frametopskip=\skip53
\beamer@framebottomskip=\skip54
\beamer@frametopskipautobreak=\skip55
\beamer@framebottomskipautobreak=\skip56
\beamer@envbody=\toks30
\framewidth=\dimen280
\c@framenumber=\count340
)
(/usr/local/texlive/2026/texmf-dist/tex/latex/beamer/beamerbaseverbatim.sty
\beamer@verbatimfileout=\write4
)
(/usr/local/texlive/2026/texmf-dist/tex/latex/beamer/beamerbaseframesize.sty
\beamer@splitbox=\box72
\beamer@autobreakcount=\count341
\beamer@autobreaklastheight=\dimen281
\beamer@frametitletoks=\toks31
\beamer@framesubtitletoks=\toks32
)
(/usr/local/texlive/2026/texmf-dist/tex/latex/beamer/beamerbaseframecomponents.
sty
\beamer@colheight=\skip57
\beamer@footins=\box73
) (/usr/local/texlive/2026/texmf-dist/tex/latex/beamer/beamerbasecolor.sty)
(/usr/local/texlive/2026/texmf-dist/tex/latex/beamer/beamerbasenotes.sty
\beamer@frameboxcopy=\box74
)
(/usr/local/texlive/2026/texmf-dist/tex/latex/beamer/beamerbasetoc.sty)
(/usr/local/texlive/2026/texmf-dist/tex/latex/beamer/beamerbasetemplates.sty
\beamer@sbttoks=\toks33

(/usr/local/texlive/2026/texmf-dist/tex/latex/beamer/beamerbaseauxtemplates.sty
(/usr/local/texlive/2026/texmf-dist/tex/latex/beamer/beamerbaseboxes.sty
\bmb@box=\box75
\bmb@colorbox=\box76
\bmb@boxwidth=\dimen282
\bmb@boxheight=\dimen283
\bmb@prevheight=\dimen284
\bmb@temp=\dimen285
\bmb@dima=\dimen286
\bmb@dimb=\dimen287
\bmb@prevheight=\dimen288
)
\beamer@blockheadheight=\dimen289
))
(/usr/local/texlive/2026/texmf-dist/tex/latex/beamer/beamerbaselocalstructure.s
ty (/usr/local/texlive/2026/texmf-dist/tex/latex/tools/enumerate.sty
Package: enumerate 2023/07/04 v3.00 enumerate extensions (DPC)
\@enLab=\toks34
)
\beamer@bibiconwidth=\skip58
\c@figure=\count342
\c@table=\count343
\abovecaptionskip=\skip59
\belowcaptionskip=\skip60
)
(/usr/local/texlive/2026/texmf-dist/tex/latex/beamer/beamerbasenavigation.sty
(/usr/local/texlive/2026/texmf-dist/tex/latex/beamer/beamerbasenavigationsymbol
s.tex)
\beamer@section@min@dim=\dimen290
)
(/usr/local/texlive/2026/texmf-dist/tex/latex/beamer/beamerbasetheorems.sty
(/usr/local/texlive/2026/texmf-dist/tex/latex/amsmath/amsmath.sty
Package: amsmath 2025/07/09 v2.17z AMS math features
\@mathmargin=\skip61

For additional information on amsmath, use the `?' option.
(/usr/local/texlive/2026/texmf-dist/tex/latex/amsmath/amstext.sty
Package: amstext 2024/11/17 v2.01 AMS text

(/usr/local/texlive/2026/texmf-dist/tex/latex/amsmath/amsgen.sty
File: amsgen.sty 1999/11/30 v2.0 generic functions
\@emptytoks=\toks35
\ex@=\dimen291
))
(/usr/local/texlive/2026/texmf-dist/tex/latex/amsmath/amsbsy.sty
Package: amsbsy 1999/11/29 v1.2d Bold Symbols
\pmbraise@=\dimen292
)
(/usr/local/texlive/2026/texmf-dist/tex/latex/amsmath/amsopn.sty
Package: amsopn 2022/04/08 v2.04 operator names
)
\inf@bad=\count344
LaTeX Info: Redefining \frac on input line 233.
\uproot@=\count345
\leftroot@=\count346
LaTeX Info: Redefining \overline on input line 398.
LaTeX Info: Redefining \colon on input line 409.
\classnum@=\count347
\DOTSCASE@=\count348
LaTeX Info: Redefining \ldots on input line 495.
LaTeX Info: Redefining \dots on input line 498.
LaTeX Info: Redefining \cdots on input line 619.
\Mathstrutbox@=\box77
\strutbox@=\box78
LaTeX Info: Redefining \big on input line 721.
LaTeX Info: Redefining \Big on input line 722.
LaTeX Info: Redefining \bigg on input line 723.
LaTeX Info: Redefining \Bigg on input line 724.
\big@size=\dimen293
LaTeX Font Info:    Redeclaring font encoding OML on input line 742.
LaTeX Font Info:    Redeclaring font encoding OMS on input line 743.
\macc@depth=\count349
LaTeX Info: Redefining \bmod on input line 904.
LaTeX Info: Redefining \pmod on input line 909.
LaTeX Info: Redefining \smash on input line 939.
LaTeX Info: Redefining \relbar on input line 969.
LaTeX Info: Redefining \Relbar on input line 970.
\c@MaxMatrixCols=\count350
\dotsspace@=\muskip18
\c@parentequation=\count351
\dspbrk@lvl=\count352
\tag@help=\toks36
\row@=\count353
\column@=\count354
\maxfields@=\count355
\andhelp@=\toks37
\eqnshift@=\dimen294
\alignsep@=\dimen295
\tagshift@=\dimen296
\tagwidth@=\dimen297
\totwidth@=\dimen298
\lineht@=\dimen299
\@envbody=\toks38
\multlinegap=\skip62
\multlinetaggap=\skip63
\mathdisplay@stack=\toks39
LaTeX Info: Redefining \[ on input line 2950.
LaTeX Info: Redefining \] on input line 2951.
)
(/usr/local/texlive/2026/texmf-dist/tex/latex/amscls/amsthm.sty
Package: amsthm 2020/05/29 v2.20.6
\thm@style=\toks40
\thm@bodyfont=\toks41
\thm@headfont=\toks42
\thm@notefont=\toks43
\thm@headpunct=\toks44
\thm@preskip=\skip64
\thm@postskip=\skip65
\thm@headsep=\skip66
\dth@everypar=\toks45
)
\c@theorem=\count356
)
(/usr/local/texlive/2026/texmf-dist/tex/latex/beamer/beamerbasethemes.sty))
(/usr/local/texlive/2026/texmf-dist/tex/latex/beamer/beamerthemedefault.sty
(/usr/local/texlive/2026/texmf-dist/tex/latex/beamer/beamerfontthemedefault.sty
)
(/usr/local/texlive/2026/texmf-dist/tex/latex/beamer/beamercolorthemedefault.st
y)
(/usr/local/texlive/2026/texmf-dist/tex/latex/beamer/beamerinnerthemedefault.st
y
\beamer@dima=\dimen300
\beamer@dimb=\dimen301
)
(/usr/local/texlive/2026/texmf-dist/tex/latex/beamer/beamerouterthemedefault.st
y))) (/usr/local/texlive/2026/texmf-dist/tex/latex/pgf/utilities/pgfpages.sty
Package: pgfpages 2011/01/05 ver 0.02

(/usr/local/texlive/2026/texmf-dist/tex/latex/tools/calc.sty
Package: calc 2025/03/01 v4.3b Infix arithmetic (KKT,FJ)
\calc@Acount=\count357
\calc@Bcount=\count358
\calc@Adimen=\dimen302
\calc@Bdimen=\dimen303
\calc@Askip=\skip67
\calc@Bskip=\skip68
LaTeX Info: Redefining \setlength on input line 86.
LaTeX Info: Redefining \addtolength on input line 87.
\calc@Ccount=\count359
\calc@Cskip=\skip69
)
\pgf@logicalpages=\count360
\pgf@firstshipout=\count361
\pgf@lastshipout=\count362
\pgf@currentshipout=\count363
\pgf@cpn=\count364
\pgf@shipoutnextto=\count365
\pgfphysicalheight=\dimen304
\pgfphysicalwidth=\dimen305
\pgfpages@shipoutbox=\box79
)
(/usr/local/texlive/2026/texmf-dist/tex/latex/unicode-math/unicode-math.sty
(/usr/local/texlive/2026/texmf-dist/tex/latex/l3kernel/expl3.sty
Package: expl3 2026-01-19 L3 programming layer (loader) 

(/usr/local/texlive/2026/texmf-dist/tex/latex/l3backend/l3backend-xetex.def
File: l3backend-xetex.def 2025-10-09 L3 backend support: XeTeX
\g__graphics_track_int=\count366
\g__pdfannot_backend_int=\count367
\g__pdfannot_backend_link_int=\count368
))
Package: unicode-math 2023/08/13 v0.8r Unicode maths in XeLaTeX and LuaLaTeX

(/usr/local/texlive/2026/texmf-dist/tex/latex/unicode-math/unicode-math-xetex.s
ty
Package: unicode-math-xetex 2023/08/13 v0.8r Unicode maths in XeLaTeX and LuaLa
TeX
 (/usr/local/texlive/2026/texmf-dist/tex/latex/l3packages/xparse/xparse.sty
Package: xparse 2025-10-09 L3 Experimental document command parser
)
(/usr/local/texlive/2026/texmf-dist/tex/latex/l3packages/l3keys2e/l3keys2e.sty
Package: l3keys2e 2025-10-09 LaTeX2e option processing using LaTeX3 keys
) (/usr/local/texlive/2026/texmf-dist/tex/latex/fontspec/fontspec.sty
Package: fontspec 2025/09/29 v2.9g Font selection for XeLaTeX and LuaLaTeX

(/usr/local/texlive/2026/texmf-dist/tex/latex/fontspec/fontspec-xetex.sty
Package: fontspec-xetex 2025/09/29 v2.9g Font selection for XeLaTeX and LuaLaTe
X
\l__fontspec_script_int=\count369
\l__fontspec_language_int=\count370
\l__fontspec_strnum_int=\count371
\l__fontspec_tmp_int=\count372
\l__fontspec_tmpa_int=\count373
\l__fontspec_tmpb_int=\count374
\l__fontspec_tmpc_int=\count375
\l__fontspec_em_int=\count376
\l__fontspec_emdef_int=\count377
\l__fontspec_strong_int=\count378
\l__fontspec_strongdef_int=\count379
\l__fontspec_tmpa_dim=\dimen306
\l__fontspec_tmpb_dim=\dimen307
\l__fontspec_tmpc_dim=\dimen308

(/usr/local/texlive/2026/texmf-dist/tex/latex/base/fontenc.sty
Package: fontenc 2025/07/18 v2.1d Standard LaTeX package
)
(/usr/local/texlive/2026/texmf-dist/tex/latex/fontspec/fontspec.cfg)))
(/usr/local/texlive/2026/texmf-dist/tex/latex/base/fix-cm.sty
Package: fix-cm 2020/11/24 v1.1t fixes to LaTeX

(/usr/local/texlive/2026/texmf-dist/tex/latex/base/ts1enc.def
File: ts1enc.def 2001/06/05 v3.0e (jk/car/fm) Standard LaTeX file
LaTeX Font Info:    Redeclaring font encoding TS1 on input line 47.
LaTeX Encoding Info:    Redeclaring text command \capitalcedilla (encoding TS1)
 on input line 49.
LaTeX Encoding Info:    Redeclaring text command \capitalogonek (encoding TS1) 
on input line 52.
LaTeX Encoding Info:    Redeclaring text command \capitalgrave (encoding TS1) o
n input line 55.
LaTeX Encoding Info:    Redeclaring text command \capitalacute (encoding TS1) o
n input line 56.
LaTeX Encoding Info:    Redeclaring text command \capitalcircumflex (encoding T
S1) on input line 57.
LaTeX Encoding Info:    Redeclaring text command \capitaltilde (encoding TS1) o
n input line 58.
LaTeX Encoding Info:    Redeclaring text command \capitaldieresis (encoding TS1
) on input line 59.
LaTeX Encoding Info:    Redeclaring text command \capitalhungarumlaut (encoding
 TS1) on input line 60.
LaTeX Encoding Info:    Redeclaring text command \capitalring (encoding TS1) on
 input line 61.
LaTeX Encoding Info:    Redeclaring text command \capitalcaron (encoding TS1) o
n input line 62.
LaTeX Encoding Info:    Redeclaring text command \capitalbreve (encoding TS1) o
n input line 63.
LaTeX Encoding Info:    Redeclaring text command \capitalmacron (encoding TS1) 
on input line 64.
LaTeX Encoding Info:    Redeclaring text command \capitaldotaccent (encoding TS
1) on input line 65.
LaTeX Encoding Info:    Redeclaring text command \t (encoding TS1) on input lin
e 66.
LaTeX Encoding Info:    Redeclaring text command \capitaltie (encoding TS1) on 
input line 67.
LaTeX Encoding Info:    Redeclaring text command \newtie (encoding TS1) on inpu
t line 68.
LaTeX Encoding Info:    Redeclaring text command \capitalnewtie (encoding TS1) 
on input line 69.
LaTeX Encoding Info:    Redeclaring text symbol \textcapitalcompwordmark (encod
ing TS1) on input line 70.
LaTeX Encoding Info:    Redeclaring text symbol \textascendercompwordmark (enco
ding TS1) on input line 71.
LaTeX Encoding Info:    Redeclaring text symbol \textquotestraightbase (encodin
g TS1) on input line 72.
LaTeX Encoding Info:    Redeclaring text symbol \textquotestraightdblbase (enco
ding TS1) on input line 73.
LaTeX Encoding Info:    Redeclaring text symbol \texttwelveudash (encoding TS1)
 on input line 74.
LaTeX Encoding Info:    Redeclaring text symbol \textthreequartersemdash (encod
ing TS1) on input line 75.
LaTeX Encoding Info:    Redeclaring text symbol \textleftarrow (encoding TS1) o
n input line 76.
LaTeX Encoding Info:    Redeclaring text symbol \textrightarrow (encoding TS1) 
on input line 77.
LaTeX Encoding Info:    Redeclaring text symbol \textblank (encoding TS1) on in
put line 78.
LaTeX Encoding Info:    Redeclaring text symbol \textdollar (encoding TS1) on i
nput line 79.
LaTeX Encoding Info:    Redeclaring text symbol \textquotesingle (encoding TS1)
 on input line 80.
LaTeX Encoding Info:    Redeclaring text command \textasteriskcentered (encodin
g TS1) on input line 81.
LaTeX Encoding Info:    Redeclaring text symbol \textdblhyphen (encoding TS1) o
n input line 92.
LaTeX Encoding Info:    Redeclaring text symbol \textfractionsolidus (encoding 
TS1) on input line 93.
LaTeX Encoding Info:    Redeclaring text symbol \textzerooldstyle (encoding TS1
) on input line 94.
LaTeX Encoding Info:    Redeclaring text symbol \textoneoldstyle (encoding TS1)
 on input line 95.
LaTeX Encoding Info:    Redeclaring text symbol \texttwooldstyle (encoding TS1)
 on input line 96.
LaTeX Encoding Info:    Redeclaring text symbol \textthreeoldstyle (encoding TS
1) on input line 97.
LaTeX Encoding Info:    Redeclaring text symbol \textfouroldstyle (encoding TS1
) on input line 98.
LaTeX Encoding Info:    Redeclaring text symbol \textfiveoldstyle (encoding TS1
) on input line 99.
LaTeX Encoding Info:    Redeclaring text symbol \textsixoldstyle (encoding TS1)
 on input line 100.
LaTeX Encoding Info:    Redeclaring text symbol \textsevenoldstyle (encoding TS
1) on input line 101.
LaTeX Encoding Info:    Redeclaring text symbol \texteightoldstyle (encoding TS
1) on input line 102.
LaTeX Encoding Info:    Redeclaring text symbol \textnineoldstyle (encoding TS1
) on input line 103.
LaTeX Encoding Info:    Redeclaring text symbol \textlangle (encoding TS1) on i
nput line 104.
LaTeX Encoding Info:    Redeclaring text symbol \textminus (encoding TS1) on in
put line 105.
LaTeX Encoding Info:    Redeclaring text symbol \textrangle (encoding TS1) on i
nput line 106.
LaTeX Encoding Info:    Redeclaring text symbol \textmho (encoding TS1) on inpu
t line 107.
LaTeX Encoding Info:    Redeclaring text symbol \textbigcircle (encoding TS1) o
n input line 108.
LaTeX Encoding Info:    Redeclaring text command \textcircled (encoding TS1) on
 input line 109.
LaTeX Encoding Info:    Redeclaring text symbol \textohm (encoding TS1) on inpu
t line 115.
LaTeX Encoding Info:    Redeclaring text symbol \textlbrackdbl (encoding TS1) o
n input line 116.
LaTeX Encoding Info:    Redeclaring text symbol \textrbrackdbl (encoding TS1) o
n input line 117.
LaTeX Encoding Info:    Redeclaring text symbol \textuparrow (encoding TS1) on 
input line 118.
LaTeX Encoding Info:    Redeclaring text symbol \textdownarrow (encoding TS1) o
n input line 119.
LaTeX Encoding Info:    Redeclaring text symbol \textasciigrave (encoding TS1) 
on input line 120.
LaTeX Encoding Info:    Redeclaring text symbol \textborn (encoding TS1) on inp
ut line 121.
LaTeX Encoding Info:    Redeclaring text symbol \textdivorced (encoding TS1) on
 input line 122.
LaTeX Encoding Info:    Redeclaring text symbol \textdied (encoding TS1) on inp
ut line 123.
LaTeX Encoding Info:    Redeclaring text symbol \textleaf (encoding TS1) on inp
ut line 124.
LaTeX Encoding Info:    Redeclaring text symbol \textmarried (encoding TS1) on 
input line 125.
LaTeX Encoding Info:    Redeclaring text symbol \textmusicalnote (encoding TS1)
 on input line 126.
LaTeX Encoding Info:    Redeclaring text symbol \texttildelow (encoding TS1) on
 input line 127.
LaTeX Encoding Info:    Redeclaring text symbol \textdblhyphenchar (encoding TS
1) on input line 128.
LaTeX Encoding Info:    Redeclaring text symbol \textasciibreve (encoding TS1) 
on input line 129.
LaTeX Encoding Info:    Redeclaring text symbol \textasciicaron (encoding TS1) 
on input line 130.
LaTeX Encoding Info:    Redeclaring text symbol \textacutedbl (encoding TS1) on
 input line 131.
LaTeX Encoding Info:    Redeclaring text symbol \textgravedbl (encoding TS1) on
 input line 132.
LaTeX Encoding Info:    Redeclaring text symbol \textdagger (encoding TS1) on i
nput line 133.
LaTeX Encoding Info:    Redeclaring text symbol \textdaggerdbl (encoding TS1) o
n input line 134.
LaTeX Encoding Info:    Redeclaring text symbol \textbardbl (encoding TS1) on i
nput line 135.
LaTeX Encoding Info:    Redeclaring text symbol \textperthousand (encoding TS1)
 on input line 136.
LaTeX Encoding Info:    Redeclaring text symbol \textbullet (encoding TS1) on i
nput line 137.
LaTeX Encoding Info:    Redeclaring text symbol \textcelsius (encoding TS1) on 
input line 138.
LaTeX Encoding Info:    Redeclaring text symbol \textdollaroldstyle (encoding T
S1) on input line 139.
LaTeX Encoding Info:    Redeclaring text symbol \textcentoldstyle (encoding TS1
) on input line 140.
LaTeX Encoding Info:    Redeclaring text symbol \textflorin (encoding TS1) on i
nput line 141.
LaTeX Encoding Info:    Redeclaring text symbol \textcolonmonetary (encoding TS
1) on input line 142.
LaTeX Encoding Info:    Redeclaring text symbol \textwon (encoding TS1) on inpu
t line 143.
LaTeX Encoding Info:    Redeclaring text symbol \textnaira (encoding TS1) on in
put line 144.
LaTeX Encoding Info:    Redeclaring text symbol \textguarani (encoding TS1) on 
input line 145.
LaTeX Encoding Info:    Redeclaring text symbol \textpeso (encoding TS1) on inp
ut line 146.
LaTeX Encoding Info:    Redeclaring text symbol \textlira (encoding TS1) on inp
ut line 147.
LaTeX Encoding Info:    Redeclaring text symbol \textrecipe (encoding TS1) on i
nput line 148.
LaTeX Encoding Info:    Redeclaring text symbol \textinterrobang (encoding TS1)
 on input line 149.
LaTeX Encoding Info:    Redeclaring text symbol \textinterrobangdown (encoding 
TS1) on input line 150.
LaTeX Encoding Info:    Redeclaring text symbol \textdong (encoding TS1) on inp
ut line 151.
LaTeX Encoding Info:    Redeclaring text symbol \texttrademark (encoding TS1) o
n input line 152.
LaTeX Encoding Info:    Redeclaring text symbol \textpertenthousand (encoding T
S1) on input line 153.
LaTeX Encoding Info:    Redeclaring text symbol \textpilcrow (encoding TS1) on 
input line 154.
LaTeX Encoding Info:    Redeclaring text symbol \textbaht (encoding TS1) on inp
ut line 155.
LaTeX Encoding Info:    Redeclaring text symbol \textnumero (encoding TS1) on i
nput line 156.
LaTeX Encoding Info:    Redeclaring text symbol \textdiscount (encoding TS1) on
 input line 157.
LaTeX Encoding Info:    Redeclaring text symbol \textestimated (encoding TS1) o
n input line 158.
LaTeX Encoding Info:    Redeclaring text symbol \textopenbullet (encoding TS1) 
on input line 159.
LaTeX Encoding Info:    Redeclaring text symbol \textservicemark (encoding TS1)
 on input line 160.
LaTeX Encoding Info:    Redeclaring text symbol \textlquill (encoding TS1) on i
nput line 161.
LaTeX Encoding Info:    Redeclaring text symbol \textrquill (encoding TS1) on i
nput line 162.
LaTeX Encoding Info:    Redeclaring text symbol \textcent (encoding TS1) on inp
ut line 163.
LaTeX Encoding Info:    Redeclaring text symbol \textsterling (encoding TS1) on
 input line 164.
LaTeX Encoding Info:    Redeclaring text symbol \textcurrency (encoding TS1) on
 input line 165.
LaTeX Encoding Info:    Redeclaring text symbol \textyen (encoding TS1) on inpu
t line 166.
LaTeX Encoding Info:    Redeclaring text symbol \textbrokenbar (encoding TS1) o
n input line 167.
LaTeX Encoding Info:    Redeclaring text symbol \textsection (encoding TS1) on 
input line 168.
LaTeX Encoding Info:    Redeclaring text symbol \textasciidieresis (encoding TS
1) on input line 169.
LaTeX Encoding Info:    Redeclaring text symbol \textcopyright (encoding TS1) o
n input line 170.
LaTeX Encoding Info:    Redeclaring text symbol \textordfeminine (encoding TS1)
 on input line 171.
LaTeX Encoding Info:    Redeclaring text symbol \textcopyleft (encoding TS1) on
 input line 172.
LaTeX Encoding Info:    Redeclaring text symbol \textlnot (encoding TS1) on inp
ut line 173.
LaTeX Encoding Info:    Redeclaring text symbol \textcircledP (encoding TS1) on
 input line 174.
LaTeX Encoding Info:    Redeclaring text symbol \textregistered (encoding TS1) 
on input line 175.
LaTeX Encoding Info:    Redeclaring text symbol \textasciimacron (encoding TS1)
 on input line 176.
LaTeX Encoding Info:    Redeclaring text symbol \textdegree (encoding TS1) on i
nput line 177.
LaTeX Encoding Info:    Redeclaring text symbol \textpm (encoding TS1) on input
 line 178.
LaTeX Encoding Info:    Redeclaring text symbol \texttwosuperior (encoding TS1)
 on input line 179.
LaTeX Encoding Info:    Redeclaring text symbol \textthreesuperior (encoding TS
1) on input line 180.
LaTeX Encoding Info:    Redeclaring text symbol \textasciiacute (encoding TS1) 
on input line 181.
LaTeX Encoding Info:    Redeclaring text symbol \textmu (encoding TS1) on input
 line 182.
LaTeX Encoding Info:    Redeclaring text symbol \textparagraph (encoding TS1) o
n input line 183.
LaTeX Encoding Info:    Redeclaring text symbol \textperiodcentered (encoding T
S1) on input line 184.
LaTeX Encoding Info:    Redeclaring text symbol \textreferencemark (encoding TS
1) on input line 185.
LaTeX Encoding Info:    Redeclaring text symbol \textonesuperior (encoding TS1)
 on input line 186.
LaTeX Encoding Info:    Redeclaring text symbol \textordmasculine (encoding TS1
) on input line 187.
LaTeX Encoding Info:    Redeclaring text symbol \textsurd (encoding TS1) on inp
ut line 188.
LaTeX Encoding Info:    Redeclaring text symbol \textonequarter (encoding TS1) 
on input line 189.
LaTeX Encoding Info:    Redeclaring text symbol \textonehalf (encoding TS1) on 
input line 190.
LaTeX Encoding Info:    Redeclaring text symbol \textthreequarters (encoding TS
1) on input line 191.
LaTeX Encoding Info:    Redeclaring text symbol \texteuro (encoding TS1) on inp
ut line 192.
LaTeX Encoding Info:    Redeclaring text symbol \texttimes (encoding TS1) on in
put line 193.
LaTeX Encoding Info:    Redeclaring text symbol \textdiv (encoding TS1) on inpu
t line 194.
))
\g__um_fam_int=\count380
\g__um_fonts_used_int=\count381
\l__um_primecount_int=\count382
\g__um_primekern_muskip=\muskip19

(/usr/local/texlive/2026/texmf-dist/tex/latex/unicode-math/unicode-math-table.t
ex))) (/usr/local/texlive/2026/texmf-dist/tex/latex/lm/lmodern.sty
Package: lmodern 2015/05/01 v1.6.1 Latin Modern Fonts
LaTeX Font Info:    Overwriting symbol font `operators' in version `normal'
(Font)                  OT1/cmr/m/n --> OT1/lmr/m/n on input line 22.
LaTeX Font Info:    Overwriting symbol font `letters' in version `normal'
(Font)                  OML/cmm/m/it --> OML/lmm/m/it on input line 23.
LaTeX Font Info:    Overwriting symbol font `symbols' in version `normal'
(Font)                  OMS/cmsy/m/n --> OMS/lmsy/m/n on input line 24.
LaTeX Font Info:    Overwriting symbol font `largesymbols' in version `normal'
(Font)                  OMX/cmex/m/n --> OMX/lmex/m/n on input line 25.
LaTeX Font Info:    Overwriting symbol font `operators' in version `bold'
(Font)                  OT1/cmr/bx/n --> OT1/lmr/bx/n on input line 26.
LaTeX Font Info:    Overwriting symbol font `letters' in version `bold'
(Font)                  OML/cmm/b/it --> OML/lmm/b/it on input line 27.
LaTeX Font Info:    Overwriting symbol font `symbols' in version `bold'
(Font)                  OMS/cmsy/b/n --> OMS/lmsy/b/n on input line 28.
LaTeX Font Info:    Overwriting symbol font `largesymbols' in version `bold'
(Font)                  OMX/cmex/m/n --> OMX/lmex/m/n on input line 29.
LaTeX Font Info:    Overwriting math alphabet `\mathbf' in version `normal'
(Font)                  OT1/cmr/bx/n --> OT1/lmr/bx/n on input line 31.
LaTeX Font Info:    Overwriting math alphabet `\mathsf' in version `normal'
(Font)                  OT1/cmss/m/n --> OT1/lmss/m/n on input line 32.
LaTeX Font Info:    Overwriting math alphabet `\mathit' in version `normal'
(Font)                  OT1/cmr/m/it --> OT1/lmr/m/it on input line 33.
LaTeX Font Info:    Overwriting math alphabet `\mathtt' in version `normal'
(Font)                  OT1/cmtt/m/n --> OT1/lmtt/m/n on input line 34.
LaTeX Font Info:    Overwriting math alphabet `\mathbf' in version `bold'
(Font)                  OT1/cmr/bx/n --> OT1/lmr/bx/n on input line 35.
LaTeX Font Info:    Overwriting math alphabet `\mathsf' in version `bold'
(Font)                  OT1/cmss/bx/n --> OT1/lmss/bx/n on input line 36.
LaTeX Font Info:    Overwriting math alphabet `\mathit' in version `bold'
(Font)                  OT1/cmr/bx/it --> OT1/lmr/bx/it on input line 37.
LaTeX Font Info:    Overwriting math alphabet `\mathtt' in version `bold'
(Font)                  OT1/cmtt/m/n --> OT1/lmtt/m/n on input line 38.
)
(/usr/local/texlive/2026/texmf-dist/tex/latex/upquote/upquote.sty
Package: upquote 2012/04/19 v1.3 upright-quote and grave-accent glyphs in verba
tim

(/usr/local/texlive/2026/texmf-dist/tex/latex/base/textcomp.sty
Package: textcomp 2024/04/24 v2.1b Standard LaTeX package
))
(/usr/local/texlive/2026/texmf-dist/tex/latex/microtype/microtype.sty
Package: microtype 2026/03/01 v3.2d Micro-typographical refinements (RS)
\MT@toks=\toks46
\MT@tempbox=\box80
\MT@count=\count383
LaTeX Info: Redefining \noprotrusionifhmode on input line 1084.
LaTeX Info: Redefining \leftprotrusion on input line 1085.
\MT@prot@toks=\toks47
LaTeX Info: Redefining \rightprotrusion on input line 1104.
LaTeX Info: Redefining \textls on input line 1449.
\MT@outer@kern=\dimen309
LaTeX Info: Redefining \microtypecontext on input line 2053.
LaTeX Info: Redefining \textmicrotypecontext on input line 2070.
\MT@listname@count=\count384

(/usr/local/texlive/2026/texmf-dist/tex/latex/microtype/microtype-xetex.def
File: microtype-xetex.def 2026/03/01 v3.2d Definitions specific to xetex (RS)
LaTeX Info: Redefining \lsstyle on input line 443.
LaTeX Info: Redefining \lslig on input line 451.
\MT@outer@space=\skip70
)
Package microtype Info: Loading configuration file microtype.cfg.

(/usr/local/texlive/2026/texmf-dist/tex/latex/microtype/microtype.cfg
File: microtype.cfg 2026/03/01 v3.2d microtype main configuration file (RS)
)
LaTeX Info: Redefining \microtypesetup on input line 3065.
)
(/usr/local/texlive/2026/texmf-dist/tex/latex/parskip/parskip.sty
Package: parskip 2021-03-14 v2.0h non-zero parskip adjustments
)
(/usr/local/texlive/2026/texmf-dist/tex/latex/tools/longtable.sty
Package: longtable 2025-10-13 v4.24 Multi-page Table package (DPC)
\LTleft=\skip71
\LTright=\skip72
\LTpre=\skip73
\LTpost=\skip74
\LTchunksize=\count385
\LTcapwidth=\dimen310
\LT@head=\box81
\LT@firsthead=\box82
\LT@foot=\box83
\LT@lastfoot=\box84
\LT@gbox=\box85
\LT@cols=\count386
\LT@rows=\count387
\c@LT@tables=\count388
\c@LT@chunks=\count389
\LT@p@ftn=\toks48
)
(/usr/local/texlive/2026/texmf-dist/tex/latex/booktabs/booktabs.sty
Package: booktabs 2020/01/12 v1.61803398 Publication quality tables
\heavyrulewidth=\dimen311
\lightrulewidth=\dimen312
\cmidrulewidth=\dimen313
\belowrulesep=\dimen314
\belowbottomsep=\dimen315
\aboverulesep=\dimen316
\abovetopsep=\dimen317
\cmidrulesep=\dimen318
\cmidrulekern=\dimen319
\defaultaddspace=\dimen320
\@cmidla=\count390
\@cmidlb=\count391
\@aboverulesep=\dimen321
\@belowrulesep=\dimen322
\@thisruleclass=\count392
\@lastruleclass=\count393
\@thisrulewidth=\dimen323
)
(/usr/local/texlive/2026/texmf-dist/tex/latex/tools/array.sty
Package: array 2025/09/25 v2.6n Tabular extension package (FMi)
\col@sep=\dimen324
\ar@mcellbox=\box86
\extrarowheight=\dimen325
\NC@list=\toks49
\extratabsurround=\skip75
\backup@length=\skip76
\ar@cellbox=\box87
)
\c@none=\count394

(/usr/local/texlive/2026/texmf-dist/tex/latex/caption/caption.sty
Package: caption 2023/08/05 v3.6o Customizing captions (AR)

(/usr/local/texlive/2026/texmf-dist/tex/latex/caption/caption3.sty
Package: caption3 2023/07/31 v2.4d caption3 kernel (AR)
\caption@tempdima=\dimen326
\captionmargin=\dimen327
\caption@leftmargin=\dimen328
\caption@rightmargin=\dimen329
\caption@width=\dimen330
\caption@indent=\dimen331
\caption@parindent=\dimen332
\caption@hangindent=\dimen333
Package caption Info: beamer document class detected.

(/usr/local/texlive/2026/texmf-dist/tex/latex/caption/caption-beamer.sto
File: caption-beamer.sto 2022/01/06 v2.0c Adaption of the caption package to th
e beamer document classes (AR)
))
\c@caption@flags=\count395
\c@continuedfloat=\count396
Package caption Info: hyperref package is loaded.
Package caption Info: Hyperref support is turned off
(caption)             because hyperref has stopped early.
Package caption Info: longtable package is loaded.

(/usr/local/texlive/2026/texmf-dist/tex/latex/caption/ltcaption.sty
Package: ltcaption 2021/01/08 v1.4c longtable captions (AR)
))

Package fontspec Info: 
(fontspec)             latinmodern-math scale = 1.03015890977869.


Package fontspec Info: 
(fontspec)             latinmodern-math scale = 1.03015890977869.


Package fontspec Info: 
(fontspec)             Font family 'latinmodern-math.otf(0)' created for font
(fontspec)             'latinmodern-math.otf' with options
(fontspec)             [Scale=MatchLowercase,BoldItalicFont={},ItalicFont={},Sm
allCapsFont={},Script=Math].
(fontspec)              
(fontspec)              This font family consists of the following NFSS
(fontspec)             series/shapes:
(fontspec)              
(fontspec)             - 'normal' (m/n) with NFSS spec.:
(fontspec)             <->s*[1.03015890977869]"[latinmodern-math.otf]/OT:script
=math;language=dflt;"

LaTeX Font Info:    Font shape `TU/latinmodern-math.otf(0)/m/n' will be
(Font)              scaled to size 11.28015pt on input line 93.

Package fontspec Info: 
(fontspec)             latinmodern-math scale = 1.03015890977869.


Package fontspec Info: 
(fontspec)             latinmodern-math scale = 1.03015890977869.


Package fontspec Info: 
(fontspec)             latinmodern-math scale = 1.03015890977869.


Package fontspec Info: 
(fontspec)             latinmodern-math scale = 1.03015890977869.


Package fontspec Info: 
(fontspec)             Font family 'latinmodern-math.otf(1)' created for font
(fontspec)             'latinmodern-math.otf' with options
(fontspec)             [Scale=MatchLowercase,BoldItalicFont={},ItalicFont={},Sm
allCapsFont={},Script=Math,SizeFeatures={{Size=9.3075-},{Size=6.57-9.3075,Font=
latinmodern-math.otf,Style=MathScript},{Size=-6.57,Font=latinmodern-math.otf,St
yle=MathScriptScript}}].
(fontspec)              
(fontspec)              This font family consists of the following NFSS
(fontspec)             series/shapes:
(fontspec)              
(fontspec)             - 'normal' (m/n) with NFSS spec.:
(fontspec)             <9.3075->s*[1.03015890977869]"[latinmodern-math.otf]/OT:
script=math;language=dflt;"<6.57-9.3075>s*[1.03015890977869]"[latinmodern-math.
otf]/OT:script=math;language=dflt;+ssty=0;"<-6.57>s*[1.03015890977869]"[latinmo
dern-math.otf]/OT:script=math;language=dflt;+ssty=1;"

LaTeX Font Info:    Font shape `TU/latinmodern-math.otf(1)/m/n' will be
(Font)              scaled to size 11.28015pt on input line 93.
LaTeX Font Info:    Encoding `OT1' has changed to `TU' for symbol font
(Font)              `operators' in the math version `normal' on input line 93.
LaTeX Font Info:    Overwriting symbol font `operators' in version `normal'
(Font)                  OT1/lmr/m/n --> TU/latinmodern-math.otf(1)/m/n on input
 line 93.
LaTeX Font Info:    Encoding `OT1' has changed to `TU' for symbol font
(Font)              `operators' in the math version `bold' on input line 93.
LaTeX Font Info:    Overwriting symbol font `operators' in version `bold'
(Font)                  OT1/lmr/bx/n --> TU/latinmodern-math.otf(1)/b/n on inpu
t line 93.

Package fontspec Info: 
(fontspec)             latinmodern-math scale = 1.03015890977869.


Package fontspec Info: 
(fontspec)             latinmodern-math scale = 1.030261925669668.


Package fontspec Info: 
(fontspec)             latinmodern-math scale = 1.03015890977869.


Package fontspec Info: 
(fontspec)             latinmodern-math scale = 1.030261925669668.


Package fontspec Info: 
(fontspec)             latinmodern-math scale = 1.03015890977869.


Package fontspec Info: 
(fontspec)             latinmodern-math scale = 1.030261925669668.


Package fontspec Info: 
(fontspec)             latinmodern-math scale = 1.03015890977869.


Package fontspec Info: 
(fontspec)             latinmodern-math scale = 1.030261925669668.


Package fontspec Info: 
(fontspec)             Font family 'latinmodern-math.otf(2)' created for font
(fontspec)             'latinmodern-math.otf' with options
(fontspec)             [Scale=MatchLowercase,BoldItalicFont={},ItalicFont={},Sm
allCapsFont={},Script=Math,SizeFeatures={{Size=9.3075-},{Size=6.57-9.3075,Font=
latinmodern-math.otf,Style=MathScript},{Size=-6.57,Font=latinmodern-math.otf,St
yle=MathScriptScript}},ScaleAgain=1.0001,FontAdjustment={\fontdimen
(fontspec)             8\font =7.63666pt\relax \fontdimen 9\font
(fontspec)             =4.44438pt\relax \fontdimen 10\font =5.00839pt\relax
(fontspec)             \fontdimen 11\font =7.73819pt\relax \fontdimen 12\font
(fontspec)             =3.89165pt\relax \fontdimen 13\font =4.0947pt\relax
(fontspec)             \fontdimen 14\font =4.0947pt\relax \fontdimen 15\font
(fontspec)             =3.25996pt\relax \fontdimen 16\font =2.7862pt\relax
(fontspec)             \fontdimen 17\font =2.7862pt\relax \fontdimen 18\font
(fontspec)             =2.82004pt\relax \fontdimen 19\font =2.25603pt\relax
(fontspec)             \fontdimen 22\font =2.82004pt\relax \fontdimen 20\font
(fontspec)             =0pt\relax \fontdimen 21\font =0pt\relax }].
(fontspec)              
(fontspec)              This font family consists of the following NFSS
(fontspec)             series/shapes:
(fontspec)              
(fontspec)             - 'normal' (m/n) with NFSS spec.:
(fontspec)             <9.3075->s*[1.030261925669668]"[latinmodern-math.otf]/OT
:script=math;language=dflt;"<6.57-9.3075>s*[1.030261925669668]"[latinmodern-mat
h.otf]/OT:script=math;language=dflt;+ssty=0;"<-6.57>s*[1.030261925669668]"[lati
nmodern-math.otf]/OT:script=math;language=dflt;+ssty=1;"

LaTeX Font Info:    Encoding `OMS' has changed to `TU' for symbol font
(Font)              `symbols' in the math version `normal' on input line 93.
LaTeX Font Info:    Overwriting symbol font `symbols' in version `normal'
(Font)                  OMS/lmsy/m/n --> TU/latinmodern-math.otf(2)/m/n on inpu
t line 93.
LaTeX Font Info:    Encoding `OMS' has changed to `TU' for symbol font
(Font)              `symbols' in the math version `bold' on input line 93.
LaTeX Font Info:    Overwriting symbol font `symbols' in version `bold'
(Font)                  OMS/lmsy/b/n --> TU/latinmodern-math.otf(2)/b/n on inpu
t line 93.

Package fontspec Info: 
(fontspec)             latinmodern-math scale = 1.03015890977869.


Package fontspec Info: 
(fontspec)             latinmodern-math scale = 1.030055893887712.


Package fontspec Info: 
(fontspec)             latinmodern-math scale = 1.03015890977869.


Package fontspec Info: 
(fontspec)             latinmodern-math scale = 1.030055893887712.


Package fontspec Info: 
(fontspec)             latinmodern-math scale = 1.03015890977869.


Package fontspec Info: 
(fontspec)             latinmodern-math scale = 1.030055893887712.


Package fontspec Info: 
(fontspec)             latinmodern-math scale = 1.03015890977869.


Package fontspec Info: 
(fontspec)             latinmodern-math scale = 1.030055893887712.


Package fontspec Info: 
(fontspec)             Font family 'latinmodern-math.otf(3)' created for font
(fontspec)             'latinmodern-math.otf' with options
(fontspec)             [Scale=MatchLowercase,BoldItalicFont={},ItalicFont={},Sm
allCapsFont={},Script=Math,SizeFeatures={{Size=9.3075-},{Size=6.57-9.3075,Font=
latinmodern-math.otf,Style=MathScript},{Size=-6.57,Font=latinmodern-math.otf,St
yle=MathScriptScript}},ScaleAgain=0.9999,FontAdjustment={\fontdimen
(fontspec)             8\font =0.4512pt\relax \fontdimen 9\font
(fontspec)             =2.25603pt\relax \fontdimen 10\font =1.88379pt\relax
(fontspec)             \fontdimen 11\font =1.25209pt\relax \fontdimen 12\font
(fontspec)             =6.7681pt\relax \fontdimen 13\font =0pt\relax }].
(fontspec)              
(fontspec)              This font family consists of the following NFSS
(fontspec)             series/shapes:
(fontspec)              
(fontspec)             - 'normal' (m/n) with NFSS spec.:
(fontspec)             <9.3075->s*[1.030055893887712]"[latinmodern-math.otf]/OT
:script=math;language=dflt;"<6.57-9.3075>s*[1.030055893887712]"[latinmodern-mat
h.otf]/OT:script=math;language=dflt;+ssty=0;"<-6.57>s*[1.030055893887712]"[lati
nmodern-math.otf]/OT:script=math;language=dflt;+ssty=1;"

LaTeX Font Info:    Encoding `OMX' has changed to `TU' for symbol font
(Font)              `largesymbols' in the math version `normal' on input line 9
3.
LaTeX Font Info:    Overwriting symbol font `largesymbols' in version `normal'
(Font)                  OMX/lmex/m/n --> TU/latinmodern-math.otf(3)/m/n on inpu
t line 93.
LaTeX Font Info:    Encoding `OMX' has changed to `TU' for symbol font
(Font)              `largesymbols' in the math version `bold' on input line 93.

LaTeX Font Info:    Overwriting symbol font `largesymbols' in version `bold'
(Font)                  OMX/lmex/m/n --> TU/latinmodern-math.otf(3)/b/n on inpu
t line 93.

(/usr/local/texlive/2026/texmf-dist/tex/latex/bookmark/bookmark.sty
Package: bookmark 2023-12-10 v1.31 PDF bookmarks (HO)

(/usr/local/texlive/2026/texmf-dist/tex/latex/bookmark/bkm-dvipdfm.def
File: bkm-dvipdfm.def 2023-12-10 v1.31 bookmark driver for dvipdfm (HO)
\BKM@id=\count397
))
(/usr/local/texlive/2026/texmf-dist/tex/latex/xurl/xurl.sty
Package: xurl 2022/01/09 v 0.10 modify URL breaks
)
(/Users/4d/Documents/GitHub/template/projects/cognitive_case_diagrams/output/sl
ides/11b_notation_slides.aux)
\openout1 = `11b_notation_slides.aux'.

LaTeX Font Info:    Checking defaults for OML/cmm/m/it on input line 103.
LaTeX Font Info:    ... okay on input line 103.
LaTeX Font Info:    Checking defaults for OMS/cmsy/m/n on input line 103.
LaTeX Font Info:    ... okay on input line 103.
LaTeX Font Info:    Checking defaults for OT1/cmr/m/n on input line 103.
LaTeX Font Info:    ... okay on input line 103.
LaTeX Font Info:    Checking defaults for T1/cmr/m/n on input line 103.
LaTeX Font Info:    ... okay on input line 103.
LaTeX Font Info:    Checking defaults for TS1/cmr/m/n on input line 103.
LaTeX Font Info:    ... okay on input line 103.
LaTeX Font Info:    Checking defaults for TU/lmr/m/n on input line 103.
LaTeX Font Info:    ... okay on input line 103.
LaTeX Font Info:    Checking defaults for OMX/cmex/m/n on input line 103.
LaTeX Font Info:    ... okay on input line 103.
LaTeX Font Info:    Checking defaults for U/cmr/m/n on input line 103.
LaTeX Font Info:    ... okay on input line 103.
LaTeX Font Info:    Checking defaults for PD1/pdf/m/n on input line 103.
LaTeX Font Info:    ... okay on input line 103.
LaTeX Font Info:    Checking defaults for PU/pdf/m/n on input line 103.
LaTeX Font Info:    ... okay on input line 103.

*geometry* driver: auto-detecting
*geometry* detected driver: xetex
*geometry* verbose mode - [ preamble ] result:
* driver: xetex
* paper: custom
* layout: <same size as paper>
* layoutoffset:(h,v)=(0.0pt,0.0pt)
* modes: includehead includefoot 
* h-part:(L,W,R)=(28.45274pt, 307.28987pt, 28.45274pt)
* v-part:(T,H,B)=(0.0pt, 273.14662pt, 0.0pt)
* \paperwidth=364.19536pt
* \paperheight=273.14662pt
* \textwidth=307.28987pt
* \textheight=244.6939pt
* \oddsidemargin=-43.81725pt
* \evensidemargin=-43.81725pt
* \topmargin=-72.26999pt
* \headheight=14.22636pt
* \headsep=0.0pt
* \topskip=11.0pt
* \footskip=14.22636pt
* \marginparwidth=4.0pt
* \marginparsep=10.0pt
* \columnsep=10.0pt
* \skip\footins=10.0pt plus 4.0pt minus 2.0pt
* \hoffset=0.0pt
* \voffset=0.0pt
* \mag=1000
* \@twocolumnfalse
* \@twosidefalse
* \@mparswitchfalse
* \@reversemarginfalse
* (1in=72.27pt=25.4mm, 1cm=28.453pt)

Package hyperref Info: Link coloring OFF on input line 103.

(/usr/local/texlive/2026/texmf-dist/tex/latex/translator/translator-basic-dicti
onary-English.dict
Dictionary: translator-basic-dictionary, Language: English 
)
(/usr/local/texlive/2026/texmf-dist/tex/latex/translator/translator-bibliograph
y-dictionary-English.dict
Dictionary: translator-bibliography-dictionary, Language: English 
)
(/usr/local/texlive/2026/texmf-dist/tex/latex/translator/translator-environment
-dictionary-English.dict
Dictionary: translator-environment-dictionary, Language: English 
)
(/usr/local/texlive/2026/texmf-dist/tex/latex/translator/translator-months-dict
ionary-English.dict
Dictionary: translator-months-dictionary, Language: English 
)
(/usr/local/texlive/2026/texmf-dist/tex/latex/translator/translator-numbers-dic
tionary-English.dict
Dictionary: translator-numbers-dictionary, Language: English 
)
(/usr/local/texlive/2026/texmf-dist/tex/latex/translator/translator-theorem-dic
tionary-English.dict
Dictionary: translator-theorem-dictionary, Language: English 
)
LaTeX Font Info:    Overwriting math alphabet `\mathrm' in version `normal'
(Font)                  TU/latinmodern-math.otf(1)/m/n --> TU/lmr/m/n on input 
line 103.
LaTeX Font Info:    Overwriting math alphabet `\mathit' in version `normal'
(Font)                  OT1/lmr/m/it --> TU/lmr/m/it on input line 103.
LaTeX Font Info:    Overwriting math alphabet `\mathbf' in version `normal'
(Font)                  OT1/lmr/bx/n --> TU/lmr/bx/n on input line 103.
LaTeX Font Info:    Overwriting math alphabet `\mathsf' in version `normal'
(Font)                  OT1/lmss/m/n --> TU/lmss/m/n on input line 103.
LaTeX Font Info:    Overwriting math alphabet `\mathsf' in version `bold'
(Font)                  OT1/lmss/bx/n --> TU/lmss/bx/n on input line 103.
LaTeX Font Info:    Overwriting math alphabet `\mathtt' in version `normal'
(Font)                  OT1/lmtt/m/n --> TU/lmtt/m/n on input line 103.
LaTeX Font Info:    Overwriting math alphabet `\mathtt' in version `bold'
(Font)                  OT1/lmtt/m/n --> TU/lmtt/bx/n on input line 103.
LaTeX Info: Redefining \microtypecontext on input line 103.
Package microtype Info: Applying patch `item' on input line 103.
Package microtype Info: Applying patch `toc' on input line 103.
Package microtype Info: Applying patch `eqnum' on input line 103.
Package microtype Info: Applying patch `footnote' on input line 103.
Package microtype Info: Applying patch `verbatim' on input line 103.
LaTeX Info: Redefining \microtypesetup on input line 103.
Package microtype Info: Character protrusion enabled (level 2).
Package microtype Info: Using protrusion set `basicmath'.
Package microtype Info: No adjustment of tracking.
Package microtype Info: No adjustment of spacing.
Package microtype Info: No adjustment of kerning.
Package microtype Info: Loading generic protrusion settings for font family
(microtype)             `lmss' (encoding: TU).
(microtype)             For optimal results, create family-specific settings.
(microtype)             See the microtype manual for details.
Package caption Info: Begin \AtBeginDocument code.
Package caption Info: End \AtBeginDocument code.

(/Users/4d/Documents/GitHub/template/projects/cognitive_case_diagrams/output/sl
ides/11b_notation_slides.nav) [1

]
\openout4 = `11b_notation_slides.vrb'.


(/Users/4d/Documents/GitHub/template/projects/cognitive_case_diagrams/output/sl
ides/11b_notation_slides.vrb) [2

] [3


]
Overfull \hbox (15.38644pt too wide) in paragraph at lines 271--271
 []\TU/lmss/m/n/10.95 Symbol 
 []


Overfull \hbox (2.23549pt too wide) in paragraph at lines 271--271
 []\TU/lmss/m/n/10.95 First 
 []


Overfull \hbox (15.38644pt too wide) in paragraph at lines 271--271
 []\TU/lmss/m/n/10.95 Symbol 
 []


Overfull \hbox (2.23549pt too wide) in paragraph at lines 271--271
 []\TU/lmss/m/n/10.95 First 
 []


Overfull \hbox (2.03839pt too wide) in paragraph at lines 271--271
 []|\TU/lmss/m/n/10.95 ABL| 
 []


Overfull \hbox (8.25146pt too wide) in paragraph at lines 271--271
[]|\TU/lmss/m/n/10.95 Accusative|  
 []


Overfull \hbox (2.48735pt too wide) in paragraph at lines 271--271
 []|\TU/lmss/m/n/10.95 ACC| 
 []


Overfull \hbox (6.77321pt too wide) in paragraph at lines 271--271
[]|\TU/lmss/m/n/10.95 Alignment 
 []

LaTeX Font Info:    Font shape `TU/latinmodern-math.otf(1)/m/n' will be
(Font)              scaled to size 7.8961pt on input line 271.
LaTeX Font Info:    Font shape `TU/latinmodern-math.otf(1)/m/n' will be
(Font)              scaled to size 5.64008pt on input line 271.
LaTeX Font Info:    Trying to load font information for OML+lmm on input line 2
71.
(/usr/local/texlive/2026/texmf-dist/tex/latex/lm/omllmm.fd
File: omllmm.fd 2015/05/01 v1.6.1 Font defs for Latin Modern
)
LaTeX Font Info:    Font shape `TU/latinmodern-math.otf(2)/m/n' will be
(Font)              scaled to size 11.28131pt on input line 271.
LaTeX Font Info:    Font shape `TU/latinmodern-math.otf(2)/m/n' will be
(Font)              scaled to size 7.89691pt on input line 271.
LaTeX Font Info:    Font shape `TU/latinmodern-math.otf(2)/m/n' will be
(Font)              scaled to size 5.64066pt on input line 271.
LaTeX Font Info:    Font shape `TU/latinmodern-math.otf(3)/m/n' will be
(Font)              scaled to size 11.27914pt on input line 271.
LaTeX Font Info:    Font shape `TU/latinmodern-math.otf(3)/m/n' will be
(Font)              scaled to size 7.8954pt on input line 271.
LaTeX Font Info:    Font shape `TU/latinmodern-math.otf(3)/m/n' will be
(Font)              scaled to size 5.63957pt on input line 271.
LaTeX Font Info:    Trying to load font information for U+msa on input line 271
.

(/usr/local/texlive/2026/texmf-dist/tex/latex/amsfonts/umsa.fd
File: umsa.fd 2013/01/14 v3.01 AMS symbols A
)
(/usr/local/texlive/2026/texmf-dist/tex/latex/microtype/mt-msa.cfg
File: mt-msa.cfg 2006/02/04 v1.1 microtype config. file: AMS symbols (a) (RS)
)
LaTeX Font Info:    Trying to load font information for U+msb on input line 271
.

(/usr/local/texlive/2026/texmf-dist/tex/latex/amsfonts/umsb.fd
File: umsb.fd 2013/01/14 v3.01 AMS symbols B
)
(/usr/local/texlive/2026/texmf-dist/tex/latex/microtype/mt-msb.cfg
File: mt-msb.cfg 2005/06/01 v1.0 microtype config. file: AMS symbols (b) (RS)
)
Overfull \hbox (4.30247pt too wide) in paragraph at lines 271--271
 [] [] 
 []


Overfull \hbox (6.77321pt too wide) in paragraph at lines 271--271
[]|\TU/lmss/m/n/10.95 Alignment 
 []


Overfull \hbox (54.56296pt too wide) in paragraph at lines 271--271
 []|$[][][] [][][] []$| 
 []


Overfull \hbox (5.89722pt too wide) in paragraph at lines 271--271
[]|\TU/lmss/m/n/10.95 Categorial 
 []


Overfull \hbox (13.59506pt too wide) in paragraph at lines 271--271
[]|\TU/lmss/m/n/10.95 Contraction|  
 []


Overfull \hbox (1.87724pt too wide) in paragraph at lines 271--271
 [] [] 
 []


Overfull \hbox (2.94725pt too wide) in paragraph at lines 271--271
 []|\TU/lmss/m/n/10.95 DAT| 
 []


Overfull \hbox (1.81287pt too wide) in paragraph at lines 271--271
[]|\TU/lmss/m/n/10.95 Ergative– 
 []


Overfull \hbox (6.95937pt too wide) in paragraph at lines 271--271
\TU/lmss/m/n/10.95 Absolutive 
 []


Overfull \hbox (6.0505pt too wide) in paragraph at lines 271--271
[]|\TU/lmss/m/n/10.95 Expansion|  
 []


Overfull \hbox (1.55013pt too wide) in paragraph at lines 271--271
 []|$[] [] 
 []


Overfull \hbox (23.63387pt too wide) in paragraph at lines 271--271
 []|$[][][] [][]$| 
 []


Overfull \hbox (5.36066pt too wide) in paragraph at lines 271--271
[]|\TU/lmss/m/n/10.95 Language- 
 []


Overfull \hbox (26.49901pt too wide) in paragraph at lines 271--271
 []|$[][][] [][]$| 
 []


Overfull \hbox (3.0896pt too wide) in paragraph at lines 271--271
 []|\TU/lmss/m/n/10.95 GEN| 
 []


Overfull \hbox (18.21596pt too wide) in paragraph at lines 271--271
[]|\TU/lmss/m/n/10.95 Grammatical 
 []


Overfull \hbox (17.24141pt too wide) in paragraph at lines 271--271
[]|\TU/lmss/m/n/10.95 Instrumental|  
 []


Overfull \hbox (2.48735pt too wide) in paragraph at lines 271--271
 []|\TU/lmss/m/n/10.95 LOC| 
 []


Overfull \hbox (12.69716pt too wide) in paragraph at lines 271--271
[]|\TU/lmss/m/n/10.95 Markedness|  
 []


Overfull \hbox (11.87592pt too wide) in paragraph at lines 271--271
[]|\TU/lmss/m/n/10.95 Nominative|  
 []


Overfull \hbox (6.88925pt too wide) in paragraph at lines 271--271
 []|\TU/lmss/m/n/10.95 NOM| 
 []


Overfull \hbox (16.2559pt too wide) in paragraph at lines 271--271
[]|\TU/lmss/m/n/10.95 Nominative– 
 []


Overfull \hbox (7.89012pt too wide) in paragraph at lines 271--271
\TU/lmss/m/n/10.95 Accusative 
 []


Overfull \hbox (18.2926pt too wide) in paragraph at lines 271--271
[]|\TU/lmss/m/n/10.95 Passivization|  
 []


Overfull \hbox (1.55006pt too wide) in paragraph at lines 271--271
[]|\TU/lmss/m/n/10.95 Pregroup 
 []


Overfull \hbox (3.30206pt too wide) in paragraph at lines 271--271
[]|\TU/lmss/m/n/10.95 Thematic 
 []


Overfull \hbox (2.59032pt too wide) in paragraph at lines 271--271
[]|\TU/lmss/m/n/10.95 Tripartite 
 []


Overfull \hbox (3.5495pt too wide) in paragraph at lines 271--271
 []|\TU/lmss/m/n/10.95 VOC| 
 []


Overfull \vbox (6.27463pt too high) detected at line 271
 []

[4

] [5


] [6


] [7


] [8


] [9


] [10


]
Overfull \hbox (15.38644pt too wide) in paragraph at lines 413--413
 []\TU/lmss/m/n/10.95 Symbol 
 []


Overfull \hbox (2.23549pt too wide) in paragraph at lines 413--413
 []\TU/lmss/m/n/10.95 First 
 []


Overfull \hbox (15.38644pt too wide) in paragraph at lines 413--413
 []\TU/lmss/m/n/10.95 Symbol 
 []


Overfull \hbox (2.23549pt too wide) in paragraph at lines 413--413
 []\TU/lmss/m/n/10.95 First 
 []


Overfull \hbox (1.55013pt too wide) in paragraph at lines 413--413
 [] [] 
 []


Overfull \hbox (1.00325pt too wide) in paragraph at lines 413--413
 [][] [] 
 []


Overfull \hbox (7.96677pt too wide) in paragraph at lines 413--413
[]|\TU/lmss/m/n/10.95 Classifying 
 []


Overfull \hbox (6.08336pt too wide) in paragraph at lines 413--413
[]|\TU/lmss/m/n/10.95 Codomain|  
 []


Overfull \hbox (13.1192pt too wide) in paragraph at lines 413--413
 []|$[][][][]$| 
 []


Overfull \hbox (21.15056pt too wide) in paragraph at lines 413--413
[]|\TU/lmss/m/n/10.95 Commutative 
 []


Overfull \hbox (8.44856pt too wide) in paragraph at lines 413--413
[]|\TU/lmss/m/n/10.95 Cobordism|  
 []


Overfull \hbox (0.83832pt too wide) in paragraph at lines 413--413
[]|\TU/lmss/m/n/10.95 Compact 
 []


Overfull \hbox (17.05525pt too wide) in paragraph at lines 413--413
[]|\TU/lmss/m/n/10.95 Composition|  
 []


Overfull \hbox (6.64114pt too wide) in paragraph at lines 413--413
 [][] [] 
 []


Overfull \hbox (16.6451pt too wide) in paragraph at lines 413--413
 []|$[][][][]$| 
 []


Overfull \hbox (3.28726pt too wide) in paragraph at lines 413--413
 [] [] 
 []


Overfull \hbox (6.30237pt too wide) in paragraph at lines 413--413
[]|\TU/lmss/m/n/10.95 Geometric 
 []


Overfull \hbox (6.30237pt too wide) in paragraph at lines 413--413
[]|\TU/lmss/m/n/10.95 Geometric 
 []


Overfull \hbox (69.68864pt too wide) in paragraph at lines 413--413
 []|$[][][] [][][] [][][] [][]$| 
 []


LaTeX Warning: Reference `sec:topos-theory' on page 11 undefined on input line 
413.


Overfull \hbox (8.94681pt too wide) in paragraph at lines 413--413
 []|$[][]$ 
 []


Overfull \hbox (34.55989pt too wide) in paragraph at lines 413--413
 \TU/lmss/m/n/10.95 (schematic)| 
 []


Overfull \hbox (2.28372pt too wide) in paragraph at lines 413--413
[]|\TU/lmss/m/n/10.95 Monoidal 
 []


Overfull \hbox (9.98601pt too wide) in paragraph at lines 413--413
 []|$[][] [] 
 []


Overfull \hbox (5.25116pt too wide) in paragraph at lines 413--413
[]|\TU/lmss/m/n/10.95 Morphism|  
 []


Overfull \hbox (4.37016pt too wide) in paragraph at lines 413--413
 [] [] 
 []


Overfull \hbox (4.67473pt too wide) in paragraph at lines 413--413
 [] [] 
 []


(/usr/local/texlive/2026/texmf-dist/tex/latex/microtype/mt-LatinModernRoman.cfg
File: mt-LatinModernRoman.cfg 2026/02/26 v1.2 microtype config. file: Latin Mod
ern Roman (RS)
)
Overfull \hbox (18.27362pt too wide) in paragraph at lines 413--413
 []|$[][] [][] []$| 
 []


Overfull \hbox (0.78307pt too wide) in paragraph at lines 413--413
 []|$[] [] 
 []


Overfull \hbox (26.54286pt too wide) in paragraph at lines 413--413
 [][][][] [][]$| 
 []


Overfull \hbox (0.57094pt too wide) in paragraph at lines 413--413
 [][] [] 
 []


Overfull \hbox (3.43391pt too wide) in paragraph at lines 413--413
 [][] [] 
 []


Overfull \hbox (5.38257pt too wide) in paragraph at lines 413--413
[]|\TU/lmss/m/n/10.95 Subobject 
 []


Overfull \hbox (10.98059pt too wide) in paragraph at lines 413--413
 []|$[][] [] 
 []


Overfull \hbox (4.75368pt too wide) in paragraph at lines 413--413
 [] [] 
 []


Overfull \hbox (1.47342pt too wide) in paragraph at lines 413--413
[]|\TU/lmss/m/n/10.95 Universal 
 []

[11

] [12


] [13


]
Overfull \vbox (36.81316pt too high) detected at line 413
 []

[14


] [15


] [16


]
\openout4 = `11b_notation_slides.vrb'.


(/Users/4d/Documents/GitHub/template/projects/cognitive_case_diagrams/output/sl
ides/11b_notation_slides.vrb
Overfull \hbox (15.38644pt too wide) in paragraph at lines 14--15
 []\TU/lmss/m/n/10.95 Symbol 
 []


Overfull \hbox (2.23549pt too wide) in paragraph at lines 18--19
 []\TU/lmss/m/n/10.95 First 
 []


Overfull \hbox (15.38644pt too wide) in paragraph at lines 26--27
 []\TU/lmss/m/n/10.95 Symbol 
 []


Overfull \hbox (2.23549pt too wide) in paragraph at lines 30--31
 []\TU/lmss/m/n/10.95 First 
 []


Overfull \hbox (10.75902pt too wide) in paragraph at lines 40--40
[]|\TU/lmss/m/n/10.95 Categorical 
 []


Overfull \hbox (17.05525pt too wide) in paragraph at lines 44--44
[]|\TU/lmss/m/n/10.95 Composition 
 []


Overfull \hbox (23.7368pt too wide) in paragraph at lines 45--45
 []|$[][][][] [][] [] 
 []


Overfull \hbox (32.93922pt too wide) in paragraph at lines 45--45
 [][][][] [][] [] 
 []


Overfull \hbox (20.64606pt too wide) in paragraph at lines 45--45
 [][][][] [][]$| 
 []


Overfull \hbox (9.36841pt too wide) in paragraph at lines 49--49
 []|$[][]$| 
 []


Overfull \hbox (31.25848pt too wide) in paragraph at lines 55--55
 []|$[][][][] [][] [] 
 []


Overfull \hbox (4.1319pt too wide) in paragraph at lines 55--55
 [][][] [][]$| 
 []


Overfull \hbox (32.12706pt too wide) in paragraph at lines 58--58
 []|$[][][][] [][] [] 
 []


Overfull \hbox (2.32751pt too wide) in paragraph at lines 62--62
[]|\TU/lmss/m/n/10.95 Similarity 
 []


Overfull \hbox (8.5351pt too wide) in paragraph at lines 62--62
 []|$[][] [] 
 []


Overfull \hbox (28.1423pt too wide) in paragraph at lines 62--62
 [][][][][] [][][]$| 
 []


Overfull \hbox (8.66756pt too wide) in paragraph at lines 69--69
[]|\TU/lmss/m/n/10.95 Magnitude 
 []


Overfull \hbox (21.05788pt too wide) in paragraph at lines 69--69
 []|$[][][][][]$| 
 []


Overfull \hbox (5.25116pt too wide) in paragraph at lines 73--73
[]|\TU/lmss/m/n/10.95 Morphism 
 []


LaTeX Warning: Reference `sec:daif-results' on page 17 undefined on input line 
75.

LaTeX Font Info:    Font shape `TU/lmss/m/it' in size <10.95> not available
(Font)              Font shape `TU/lmss/m/sl' tried instead on input line 76.

Overfull \hbox (6.37901pt too wide) in paragraph at lines 88--88
[]|\TU/lmss/m/n/10.95 Prediction 
 []


Overfull \hbox (10.34885pt too wide) in paragraph at lines 88--88
 []|$[][][][]$| 
 []


Overfull \hbox (12.32486pt too wide) in paragraph at lines 95--95
[]|\TU/lmss/m/n/10.95 Topological 
 []

) [17

]
Overfull \vbox (91.33698pt too high) detected at line 519
 []

[18


] [19


]
Overfull \hbox (15.38644pt too wide) in paragraph at lines 626--626
 []\TU/lmss/m/n/10.95 Symbol 
 []


Overfull \hbox (2.23549pt too wide) in paragraph at lines 626--626
 []\TU/lmss/m/n/10.95 First 
 []


Overfull \hbox (15.38644pt too wide) in paragraph at lines 626--626
 []\TU/lmss/m/n/10.95 Symbol 
 []


Overfull \hbox (2.23549pt too wide) in paragraph at lines 626--626
 []\TU/lmss/m/n/10.95 First 
 []


Overfull \hbox (3.06116pt too wide) in paragraph at lines 626--626
[]|\TU/lmss/m/n/10.95 Attention 
 []


Overfull \hbox (3.06116pt too wide) in paragraph at lines 626--626
[]|\TU/lmss/m/n/10.95 Attention 
 []


Overfull \hbox (27.32635pt too wide) in paragraph at lines 626--626
[]|\TU/lmss/m/n/10.95 Contextualized 
 []


Overfull \hbox (0.83832pt too wide) in paragraph at lines 626--626
[]|\TU/lmss/m/n/10.95 Compact 
 []


Overfull \hbox (1.32368pt too wide) in paragraph at lines 626--626
 []|$[][] [] 
 []


Overfull \hbox (0.52582pt too wide) in paragraph at lines 626--626
 [] [] 
 []


Overfull \hbox (6.16371pt too wide) in paragraph at lines 626--626
 [] [] 
 []


Overfull \hbox (23.58308pt too wide) in paragraph at lines 626--626
 []|$[][][][] [][]$| 
 []


Overfull \hbox (21.87326pt too wide) in paragraph at lines 626--626
[]|\TU/lmss/m/n/10.95 Distributional 
 []


Overfull \hbox (3.33492pt too wide) in paragraph at lines 626--626
[]|\TU/lmss/m/n/10.95 DisCoCat|  
 []


Overfull \hbox (5.33876pt too wide) in paragraph at lines 626--626
[]|\TU/lmss/m/n/10.95 DisCoCirc|  
 []


Overfull \hbox (21.87326pt too wide) in paragraph at lines 626--626
[]|\TU/lmss/m/n/10.95 Distributional 
 []


Overfull \hbox (21.77394pt too wide) in paragraph at lines 626--626
 [] [] 
 []


Overfull \hbox (15.20029pt too wide) in paragraph at lines 626--626
 []$| 
 []


Overfull \hbox (24.61076pt too wide) in paragraph at lines 626--626
[]|\TU/lmss/m/n/10.95 Parameterized 
 []


Overfull \hbox (1.33107pt too wide) in paragraph at lines 626--626
\TU/lmss/m/n/10.95 attention|  
 []


Overfull \hbox (61.0349pt too wide) in paragraph at lines 626--626
 []|$[][][][] [][] [][] [] 
 []


Overfull \hbox (59.38582pt too wide) in paragraph at lines 626--626
 [][][][][]$| 
 []


Overfull \hbox (0.73976pt too wide) in paragraph at lines 626--626
[]|\TU/lmss/m/n/10.95 Sentence 
 []


Overfull \hbox (0.73976pt too wide) in paragraph at lines 626--626
[]|\TU/lmss/m/n/10.95 Sentence 
 []


Overfull \hbox (20.41249pt too wide) in paragraph at lines 626--626
 []|$[]$| 
 []


Overfull \hbox (14.90906pt too wide) in paragraph at lines 626--626
[]|\TU/lmss/m/n/10.95 Transformer|  
 []


Overfull \hbox (6.72942pt too wide) in paragraph at lines 626--626
[]|\TU/lmss/m/n/10.95 Word2Vec|  
 []


Overfull \hbox (5.8226pt too wide) in paragraph at lines 626--626
 []|$[][] [] 
 []

[20

] [21


] [22


] [23


]
\openout4 = `11b_notation_slides.vrb'.


(/Users/4d/Documents/GitHub/template/projects/cognitive_case_diagrams/output/sl
ides/11b_notation_slides.vrb
Overfull \hbox (15.38644pt too wide) in paragraph at lines 14--15
 []\TU/lmss/m/n/10.95 Symbol 
 []


Overfull \hbox (2.23549pt too wide) in paragraph at lines 18--19
 []\TU/lmss/m/n/10.95 First 
 []


Overfull \hbox (15.38644pt too wide) in paragraph at lines 26--27
 []\TU/lmss/m/n/10.95 Symbol 
 []


Overfull \hbox (2.23549pt too wide) in paragraph at lines 30--31
 []\TU/lmss/m/n/10.95 First 
 []


Overfull \hbox (15.01724pt too wide) in paragraph at lines 34--34
 []|$[][][][] [][]$| 
 []


Overfull \hbox (21.87326pt too wide) in paragraph at lines 37--37
[]|\TU/lmss/m/n/10.95 Distributional 
 []


Overfull \hbox (3.61572pt too wide) in paragraph at lines 41--41
 []|$[][][]$| 
 []


LaTeX Warning: Reference `eq:eq-7-1' on page 24 undefined on input line 43.


Overfull \hbox (6.56842pt too wide) in paragraph at lines 46--46
 [][][] [][]$| 
 []


Overfull \hbox (4.1319pt too wide) in paragraph at lines 49--49
 [][][] [][]$| 
 []


Overfull \hbox (8.48537pt too wide) in paragraph at lines 52--52
 []|$[][][]$| 
 []


Overfull \hbox (13.50746pt too wide) in paragraph at lines 55--55
[]|\TU/lmss/m/n/10.95 Wasserstein 
 []


Overfull \hbox (28.83122pt too wide) in paragraph at lines 55--55
 []|$[][][][][] [][]$| 
 []


Overfull \hbox (22.04945pt too wide) in paragraph at lines 58--58
 []|$[][][][][]$| 
 []


Overfull \hbox (1.68146pt too wide) in paragraph at lines 61--61
[]|\TU/lmss/m/n/10.95 Expected 
 []


Overfull \hbox (12.7633pt too wide) in paragraph at lines 61--61
 []|$[][]$| 
 []


Overfull \hbox (1.68146pt too wide) in paragraph at lines 65--65
[]|\TU/lmss/m/n/10.95 Expected 
 []


Overfull \hbox (5.85005pt too wide) in paragraph at lines 65--65
 []|$[][]$| 
 []


Overfull \hbox (21.87326pt too wide) in paragraph at lines 68--68
[]|\TU/lmss/m/n/10.95 Distributional 
 []


Overfull \hbox (4.77591pt too wide) in paragraph at lines 68--68
 []|$[]$| 
 []


Overfull \hbox (35.99437pt too wide) in paragraph at lines 72--72
 []|$[]$| 
 []


Overfull \hbox (6.5607pt too wide) in paragraph at lines 75--75
 []|$[][][][]$| 
 []


Overfull \hbox (19.56387pt too wide) in paragraph at lines 81--81
 []|$[][][][][]$| 
 []


Overfull \hbox (1.24197pt too wide) in paragraph at lines 81--85
\TU/lmtt/m/n/10.95 implicit_quantile_network_update() 
 []


Overfull \hbox (2.97075pt too wide) in paragraph at lines 87--87
 []|$[][]$| 
 []


Overfull \hbox (11.26001pt too wide) in paragraph at lines 90--90
 []|$[][]$| 
 []


Overfull \hbox (1.32695pt too wide) in paragraph at lines 94--94
 []|$[][]$| 
 []


Overfull \hbox (54.26378pt too wide) in paragraph at lines 102--103
 []|$[][][] [][][] [][]$| 
 []


Overfull \hbox (0.91496pt too wide) in paragraph at lines 106--106
[]|\TU/lmss/m/n/10.95 Violation 
 []


Overfull \hbox (17.68532pt too wide) in paragraph at lines 106--106
 []|$[][]$| 
 []


LaTeX Warning: Reference `eq:eq-7c-qr' on page 24 undefined on input line 110.


LaTeX Warning: Reference `eq:eq-7c-qr' on page 24 undefined on input line 113.


LaTeX Warning: Reference `eq:eq-7c-qr' on page 24 undefined on input line 117.


LaTeX Warning: Reference `eq:eq-7c-huber' on page 24 undefined on input line 12
0.


Overfull \hbox (11.56569pt too wide) in paragraph at lines 123--123
 []|$[][]$| 
 []


LaTeX Warning: Reference `eq:eq-7c-c51' on page 24 undefined on input line 124.



Overfull \hbox (31.2659pt too wide) in paragraph at lines 128--128
 []|$[][][]  [][]$| 
 []


Overfull \hbox (4.52922pt too wide) in paragraph at lines 131--131
 []|$[][]$| 
 []


LaTeX Warning: Reference `eq:eq-7c-entropy' on page 24 undefined on input line 
133.

) [24

]
Overfull \vbox (23.01968pt too high) detected at line 766
 []

[25


]
Overfull \vbox (10.01122pt too high) detected at line 766
 []

[26


]
Overfull \vbox (9.4197pt too high) detected at line 766
 []

[27


] [28


] [29


]
Overfull \hbox (15.38644pt too wide) in paragraph at lines 877--877
 []\TU/lmss/m/n/10.95 Symbol 
 []


Overfull \hbox (2.23549pt too wide) in paragraph at lines 877--877
 []\TU/lmss/m/n/10.95 First 
 []


Overfull \hbox (15.38644pt too wide) in paragraph at lines 877--877
 []\TU/lmss/m/n/10.95 Symbol 
 []


Overfull \hbox (2.23549pt too wide) in paragraph at lines 877--877
 []\TU/lmss/m/n/10.95 First 
 []


Overfull \hbox (18.56636pt too wide) in paragraph at lines 877--877
[]|\TU/lmss/m/n/10.95 CEREBRUM|  
 []


Overfull \hbox (21.87326pt too wide) in paragraph at lines 877--877
[]|\TU/lmss/m/n/10.95 Distributional 
 []


Overfull \hbox (21.87326pt too wide) in paragraph at lines 877--877
[]|\TU/lmss/m/n/10.95 Distributional 
 []


Overfull \hbox (8.10912pt too wide) in paragraph at lines 877--877
[]|\TU/lmss/m/n/10.95 Generative 
 []


Overfull \hbox (12.02802pt too wide) in paragraph at lines 877--877
 []|$[][][][] [][]$| 
 []


Overfull \hbox (8.10912pt too wide) in paragraph at lines 877--877
[]|\TU/lmss/m/n/10.95 Perceptual 
 []


Overfull \hbox (0.95876pt too wide) in paragraph at lines 877--877
[]|\TU/lmss/m/n/10.95 Precision 
 []


Overfull \hbox (6.37901pt too wide) in paragraph at lines 877--877
[]|\TU/lmss/m/n/10.95 Prediction 
 []


Overfull \hbox (2.80019pt too wide) in paragraph at lines 877--877
 []|$[][][]$| 
 []


Overfull \hbox (1.22156pt too wide) in paragraph at lines 877--877
[]|\TU/lmss/m/n/10.95 Situation 
 []


Overfull \hbox (23.39021pt too wide) in paragraph at lines 877--877
 []|$[] [] [][][][]$| 
 []


Overfull \hbox (9.10556pt too wide) in paragraph at lines 877--877
[]|\TU/lmss/m/n/10.95 Variational 
 []


Overfull \hbox (2.0148pt too wide) in paragraph at lines 877--877
 []|$[][][][]$| 
 []

[30

] [31


] [32


] [33


] [34


]
Overfull \hbox (15.38644pt too wide) in paragraph at lines 1003--1003
 []\TU/lmss/m/n/10.95 Symbol 
 []


Overfull \hbox (2.23549pt too wide) in paragraph at lines 1003--1003
 []\TU/lmss/m/n/10.95 First 
 []


Overfull \hbox (15.38644pt too wide) in paragraph at lines 1003--1003
 []\TU/lmss/m/n/10.95 Symbol 
 []


Overfull \hbox (2.23549pt too wide) in paragraph at lines 1003--1003
 []\TU/lmss/m/n/10.95 First 
 []


Overfull \hbox (27.50156pt too wide) in paragraph at lines 1003--1003
[]|\TU/lmss/m/n/10.95 Amplituhedron|  
 []


Overfull \hbox (4.60512pt too wide) in paragraph at lines 1003--1003
[]|\TU/lmss/m/n/10.95 Execution 
 []


Overfull \hbox (12.14966pt too wide) in paragraph at lines 1003--1003
[]|\TU/lmss/m/n/10.95 Generalized 
 []


Overfull \hbox (6.93745pt too wide) in paragraph at lines 1003--1003
[]|\TU/lmss/m/n/10.95 Hadamard 
 []


Overfull \hbox (14.53676pt too wide) in paragraph at lines 1003--1003
[]|\TU/lmss/m/n/10.95 Holographic 
 []


Overfull \hbox (24.61076pt too wide) in paragraph at lines 1003--1003
[]|\TU/lmss/m/n/10.95 Parameterized 
 []


Overfull \hbox (2.88597pt too wide) in paragraph at lines 1003--1003
[]|\TU/lmss/m/n/10.95 Quantum 
 []


Overfull \hbox (2.88597pt too wide) in paragraph at lines 1003--1003
[]|\TU/lmss/m/n/10.95 Quantum 
 []


Overfull \hbox (2.88597pt too wide) in paragraph at lines 1003--1003
[]|\TU/lmss/m/n/10.95 Quantum 
 []


Overfull \hbox (2.88597pt too wide) in paragraph at lines 1003--1003
[]|\TU/lmss/m/n/10.95 Quantum 
 []


Overfull \hbox (1.93332pt too wide) in paragraph at lines 1003--1003
[]|\TU/lmss/m/n/10.95 Semantic 
 []


Overfull \hbox (2.88597pt too wide) in paragraph at lines 1003--1003
[]|\TU/lmss/m/n/10.95 Quantum 
 []


Overfull \hbox (25.30118pt too wide) in paragraph at lines 1003--1003
 []|$[][][] [][] [][]$| 
 []


Overfull \hbox (16.8253pt too wide) in paragraph at lines 1003--1003
[]|\TU/lmss/m/n/10.95 Reshetikhin– 
 []


Overfull \hbox (16.79773pt too wide) in paragraph at lines 1003--1003
 []|$[][][][][]$| 
 []

[35

]
Overfull \vbox (9.4197pt too high) detected at line 1003
 []

[36


]
Overfull \vbox (9.4197pt too high) detected at line 1003
 []

[37


] [38


] [39


]
Overfull \hbox (15.38644pt too wide) in paragraph at lines 1070--1070
 []\TU/lmss/m/n/10.95 Symbol 
 []


Overfull \hbox (2.23549pt too wide) in paragraph at lines 1070--1070
 []\TU/lmss/m/n/10.95 First 
 []


Overfull \hbox (15.38644pt too wide) in paragraph at lines 1070--1070
 []\TU/lmss/m/n/10.95 Symbol 
 []


Overfull \hbox (2.23549pt too wide) in paragraph at lines 1070--1070
 []\TU/lmss/m/n/10.95 First 
 []


Overfull \hbox (12.86307pt too wide) in paragraph at lines 1070--1070
[]|$[][]$|  
 []


Overfull \hbox (4.44002pt too wide) in paragraph at lines 1070--1070
 []|$[][][]$| 
 []


Overfull \hbox (12.97092pt too wide) in paragraph at lines 1070--1070
[]|\TU/lmss/m/n/10.95 Residuation 
 []


Overfull \hbox (2.24948pt too wide) in paragraph at lines 1070--1070
 [] [] 
 []


Overfull \hbox (13.95612pt too wide) in paragraph at lines 1070--1070
 []  [] 
 []


Overfull \hbox (1.86597pt too wide) in paragraph at lines 1070--1070
 [] [] 
 []


Overfull \hbox (28.43982pt too wide) in paragraph at lines 1070--1070
 [][][]  [] 
 []


Overfull \hbox (2.24948pt too wide) in paragraph at lines 1070--1070
 [] [] 
 []


Overfull \hbox (4.48515pt too wide) in paragraph at lines 1070--1070
 [][][]$| 
 []


Overfull \hbox (4.44002pt too wide) in paragraph at lines 1070--1070
 []|$[][][]$| 
 []

[40

] [41


]
Overfull \hbox (15.38644pt too wide) in paragraph at lines 1167--1167
 []\TU/lmss/m/n/10.95 Symbol 
 []


Overfull \hbox (2.23549pt too wide) in paragraph at lines 1167--1167
 []\TU/lmss/m/n/10.95 First 
 []


Overfull \hbox (15.38644pt too wide) in paragraph at lines 1167--1167
 []\TU/lmss/m/n/10.95 Symbol 
 []


Overfull \hbox (2.23549pt too wide) in paragraph at lines 1167--1167
 []\TU/lmss/m/n/10.95 First 
 []


Overfull \hbox (10.75902pt too wide) in paragraph at lines 1167--1167
[]|\TU/lmss/m/n/10.95 Categorical 
 []


Overfull \hbox (5.40446pt too wide) in paragraph at lines 1167--1167
[]|\TU/lmss/m/n/10.95 Functorial 
 []


Overfull \hbox (24.61076pt too wide) in paragraph at lines 1167--1167
[]|\TU/lmss/m/n/10.95 Parameterized 
 []


Overfull \hbox (55.12695pt too wide) in paragraph at lines 1167--1167
 []|$[][][] [][][] []$| 
 []


Overfull \hbox (1.93332pt too wide) in paragraph at lines 1167--1167
[]|\TU/lmss/m/n/10.95 Semantic 
 []


Overfull \hbox (17.07469pt too wide) in paragraph at lines 1167--1167
 []|$[][]$| 
 []


LaTeX Warning: Reference `sec:cognitive-security' on page 42 undefined on input
 line 1167.


Overfull \hbox (9.6421pt too wide) in paragraph at lines 1167--1167
[]|\TU/lmss/m/n/10.95 Adversarial 
 []


Overfull \hbox (1.29822pt too wide) in paragraph at lines 1167--1167
[]|\TU/lmss/m/n/10.95 Symbolic 
 []

[42

] [43


]
Overfull \vbox (9.4197pt too high) detected at line 1167
 []

[44


] [45


]
\openout4 = `11b_notation_slides.vrb'.


(/Users/4d/Documents/GitHub/template/projects/cognitive_case_diagrams/output/sl
ides/11b_notation_slides.vrb
Overfull \hbox (15.38644pt too wide) in paragraph at lines 14--15
 []\TU/lmss/m/n/10.95 Symbol 
 []


Overfull \hbox (2.23549pt too wide) in paragraph at lines 18--19
 []\TU/lmss/m/n/10.95 First 
 []


Overfull \hbox (15.38644pt too wide) in paragraph at lines 26--27
 []\TU/lmss/m/n/10.95 Symbol 
 []


Overfull \hbox (2.23549pt too wide) in paragraph at lines 30--31
 []\TU/lmss/m/n/10.95 First 
 []


Overfull \hbox (10.75902pt too wide) in paragraph at lines 34--34
[]|\TU/lmss/m/n/10.95 Categorical 
 []


Overfull \hbox (6.15462pt too wide) in paragraph at lines 34--34
 []|$[][][][]$| 
 []


Overfull \hbox (10.04726pt too wide) in paragraph at lines 37--37
[]|\TU/lmss/m/n/10.95 Cognitively 
 []


Overfull \hbox (7.255pt too wide) in paragraph at lines 43--43
[]|\TU/lmss/m/n/10.95 Existential 
 []


Overfull \hbox (5.56871pt too wide) in paragraph at lines 52--52
[]|\TU/lmss/m/n/10.95 Inferential 
 []


Overfull \hbox (44.73244pt too wide) in paragraph at lines 61--61
 []|\TU/lmtt/m/n/10.95 CASE_COLORS| 
 []


Overfull \hbox (11.0612pt too wide) in paragraph at lines 64--67
 \TU/lmss/m/n/10.95 pendix 
 []

) [46

] [47


] [48


]
\openout4 = `11b_notation_slides.vrb'.


(/Users/4d/Documents/GitHub/template/projects/cognitive_case_diagrams/output/sl
ides/11b_notation_slides.vrb
Overfull \hbox (13.43564pt too wide) in paragraph at lines 10--11
[]\TU/lmss/m/n/10.95 Convention  
 []


Overfull \hbox (13.43564pt too wide) in paragraph at lines 18--19
[]\TU/lmss/m/n/10.95 Convention  
 []


Overfull \hbox (16.05484pt too wide) in paragraph at lines 42--42
[]|$[][][] [][]$|  
 []


Overfull \hbox (35.09216pt too wide) in paragraph at lines 45--45
[]|$[][][] [][][] []$|  
 []


Overfull \hbox (2.72655pt too wide) in paragraph at lines 52--52
[]$|  
 []


Overfull \hbox (13.17384pt too wide) in paragraph at lines 59--59
[]|$[][] []$|  
 []


Overfull \hbox (2.26665pt too wide) in paragraph at lines 79--79
[]|\TU/lmtt/m/n/10.95 [-@key]|  
 []


Overfull \hbox (8.0154pt too wide) in paragraph at lines 80--81
[]|\TU/lmtt/m/n/10.95 \autoref 
 []


Overfull \hbox (2.26665pt too wide) in paragraph at lines 80--81
\TU/lmtt/m/n/10.95 {sec:…} 
 []


Overfull \hbox (6.5262pt too wide) in paragraph at lines 80--81
\TU/lmtt/m/n/10.95 {fig:…}\TU/lmss/m/n/10.95 )|  
 []


Overfull \hbox (21.64563pt too wide) in paragraph at lines 91--91
[]|$[][] []  [][]$|  
 []


Overfull \hbox (11.7003pt too wide) in paragraph at lines 93--93
[]|$[][][] [][][] [][]$|  
 []

) [49

] [50


] [51


] [52


] [53


]
\tf@nav=\write5
\openout5 = `11b_notation_slides.nav'.

\tf@toc=\write6
\openout6 = `11b_notation_slides.toc'.

\tf@snm=\write7
\openout7 = `11b_notation_slides.snm'.


(/Users/4d/Documents/GitHub/template/projects/cognitive_case_diagrams/output/sl
ides/11b_notation_slides.aux)
 ***********
LaTeX2e <2025-11-01>
L3 programming layer <2026-01-19>
 ***********


LaTeX Warning: There were undefined references.

 ) 
Here is how much of TeX's memory you used:
 31252 strings out of 468168
 630397 string characters out of 5432815
 1203489 words of memory out of 5000000
 59394 multiletter control sequences out of 15000+600000
 631320 words of font info for 80 fonts, out of 8000000 for 9000
 1348 hyphenation exceptions out of 8191
 128i,13n,123p,1099b,678s stack positions out of 10000i,1000n,20000p,200000b,200000s

Output written on /Users/4d/Documents/GitHub/template/projects/cognitive_case_d
iagrams/output/slides/11b_notation_slides.pdf (53 pages).
